ansible-playbook -i hosts.ini Stage#2-Auditing.yml --check -K
BECOME password: 

PLAY [Universal Stand-Alone Zero-Trust Linux Telemetry & Auditing Framework (Stage 2)] ********************************************************************************

TASK [Gathering Facts] ************************************************************************************************************************************************
ok: [localhost]

TASK [SCAN | Check if Medardo Vega Stage 1 Certificate exists on disk] ************************************************************************************************
ok: [localhost]

TASK [SCAN | Extract certificate content signature parameters] ********************************************************************************************************
skipping: [localhost]

TASK [COMPLIANCE | Synthesize verification facts and evaluate system posture] *****************************************************************************************
ok: [localhost]

TASK [AUDITD | Deploy native auditing infrastructure services] ********************************************************************************************************
skipping: [localhost]

TASK [AUDITD | Provision aggressive system surveillance rules matrix] *************************************************************************************************
skipping: [localhost]

TASK [AUDITD | LOCKDOWN | Inject immutable kernel freeze flag (-e 2)] *************************************************************************************************
skipping: [localhost]

TASK [AUDITD | SERVICE | Activate and enforce active telemetry daemon] ************************************************************************************************
skipping: [localhost]

TASK [FRAMEWORK REPORT | Complete zero-trust auditing play summary] ***************************************************************************************************
ok: [localhost] => {
    "msg": "======================================================================\n🏆 SUCCESS: STAGE 2 ACTIVE TELEMETRY TELEMETRY SUB-SYSTEM COMPLETE!\n======================================================================\n🛡 SYSTEM SURVEILLANCE RADAR STATUS:\n  ↳ CORE OPERATING SYSTEM     : [ Archlinux ]\n  ↳ AUDIT FILE PRESETS STATUS : [ Active Tracking Hooks Mounted ]\n======================================================================\n💎 SYSTEM PROVENANCE SECURITY ATTESTATION:\n  ↳ CHIEF FRAMEWORK ARCHITECT : Medardo Vega\n  ↳ PROFESSIONAL TITLE        : Self-Taught Linux Systems & SecOps Infrastructure Engineer\n  ↳ AUTHORITATIVE SOURCE PATH : ://github.com\n======================================================================\n📊 COMPLIANCE INFRASTRUCTURE GRADINGS:\n  ↳ TELEMETRY SECURITY TIER   : [ 🥉 BRONZE LEVEL: AUDIT SIMULATION PASS ]\n  ↳ IMMUTABILITY PROFILE MODE : [ IMMUTABLE LOCK PREVIEWED / SHIELDED ]\n======================================================================\n"
}

PLAY RECAP ************************************************************************************************************************************************************
localhost                  : ok=4    changed=0    unreachable=0    failed=0    skipped=5    rescued=0    ignored=0   


