
PLAY [Universal Zero-Trust Hardening Verification Framework (Stage 2 - Standalone Auditing Core)] ***

TASK [AUDIT PREFLIGHT | Hydrate standalone validation environment facts] *******
ok: [localhost]

TASK [AUDIT PREFLIGHT | Ingest multi-distribution security baseline mappings file] ***
ok: [localhost]

TASK [AUDIT PREFLIGHT | Probe motherboard firmware type format signature] ******
ok: [localhost]

TASK [AUDIT PREFLIGHT | Detect active root filesystem source device handle] ****
ok: [localhost]

TASK [AUDIT PREFLIGHT | Check if /boot is a standalone partition block] ********
ok: [localhost]

TASK [AUDIT PREFLIGHT | Inspect crypttab entries to audit boot container safety status] ***
ok: [localhost]

TASK [AUDIT PREFLIGHT | Query active subvolume topology tree from Btrfs root] ***
ok: [localhost]

TASK [AUDIT PREFLIGHT | Discover active system role footprint boundaries (HP PROBOOK PROCESSSOR OVERRIDE)] ***
ok: [localhost]

TASK [AUDIT STORAGE | Check active kernel memory swap table footprint limits] ***
skipping: [localhost]

TASK [AUDIT STORAGE | Assert physical swap allocations are actively processing inside kernel] ***
skipping: [localhost]

TASK [AUDIT STORAGE | Check active disk swap priorities to protect drive lifecycles] ***
skipping: [localhost]

TASK [AUDIT STORAGE | Assert ZRAM pool and fallback disk swap priorities match matrix rules] ***
skipping: [localhost]

TASK [AUDIT STORAGE | Check persistent partition tracking mappings] ************
skipping: [localhost]

TASK [AUDIT STORAGE | Assert zero-trust system mount options are present inside ledger] ***
skipping: [localhost]

TASK [AUDIT KERNEL | Verify presence of security tuning drop-ins] **************
skipping: [localhost]

TASK [AUDIT KERNEL | Verify presence of dynamically-compiled memory tuning drop-ins] ***
skipping: [localhost]

TASK [AUDIT KERNEL | Assert zero-trust kernel variables are strictly applied to disk] ***
skipping: [localhost]

TASK [AUDIT SERVICES | Query operational status of host protection daemons] ****
ok: [localhost] => (item=firewalld)
ok: [localhost] => (item=fail2ban)
ok: [localhost] => (item=sysstat)
ok: [localhost] => (item=usbguard)
ok: [localhost] => (item=aide-check.timer)
ok: [localhost] => (item=auditd)
ok: [localhost] => (item=clamav-freshclam)

TASK [AUDIT SERVICES | Assert baseline host security shields are active in memory] ***
ok: [localhost] => (item=firewalld) => {
    "ansible_loop_var": "item",
    "changed": false,
    "item": {
        "ansible_loop_var": "item",
        "changed": false,
        "failed": false,
        "item": "firewalld",
        "name": "firewalld",
        "status": {
            "ActiveEnterTimestamp": "Wed 2026-09-16 18:46:37 CDT",
            "ActiveEnterTimestampMonotonic": "54268633",
            "ActiveExitTimestampMonotonic": "0",
            "ActiveState": "active",
            "After": "system.slice basic.target sysinit.target",
            "AllowIsolate": "no",
            "AssertResult": "yes",
            "AssertTimestamp": "Wed 2026-09-16 18:46:37 CDT",
            "AssertTimestampMonotonic": "54256986",
            "Before": "shutdown.target multi-user.target network-pre.target",
            "BindLogSockets": "no",
            "CPUAffinityFromNUMA": "no",
            "CPUPressureThresholdUSec": "200ms",
            "CPUPressureWatch": "auto",
            "CPUQuotaPerSecUSec": "infinity",
            "CPUQuotaPeriodUSec": "infinity",
            "CPUSchedulingPolicy": "0",
            "CPUSchedulingPriority": "0",
            "CPUSchedulingResetOnFork": "no",
            "CPUUsageNSec": "1353539000",
            "CPUWeight": "[not set]",
            "CacheDirectoryAccounting": "no",
            "CacheDirectoryMode": "0755",
            "CacheDirectoryQuota": "[not set]",
            "CanFreeze": "yes",
            "CanIsolate": "no",
            "CanLiveMount": "yes",
            "CanReload": "yes",
            "CanStart": "yes",
            "CanStop": "yes",
            "CapabilityBoundingSet": "cap_chown cap_dac_override cap_dac_read_search cap_fowner cap_fsetid cap_kill cap_setgid cap_setuid cap_setpcap cap_linux_immutable cap_net_bind_service cap_net_broadcast cap_net_admin cap_net_raw cap_ipc_lock cap_ipc_owner cap_sys_module cap_sys_chroot cap_sys_ptrace cap_sys_pacct cap_sys_admin cap_sys_boot cap_sys_nice cap_sys_resource cap_sys_tty_config cap_lease cap_audit_write cap_audit_control cap_setfcap cap_mac_override cap_mac_admin cap_block_suspend cap_audit_read cap_perfmon cap_bpf cap_checkpoint_restore",
            "CleanResult": "success",
            "CollectMode": "inactive",
            "ConditionResult": "yes",
            "ConditionTimestamp": "Wed 2026-09-16 18:46:37 CDT",
            "ConditionTimestampMonotonic": "54256978",
            "ConfigurationDirectoryMode": "0755",
            "Conflicts": "ebtables.service ipset.service shutdown.target ip6tables.service iptables.service",
            "ControlGroup": "/system.slice/firewalld.service",
            "ControlGroupId": "2527",
            "ControlPID": "0",
            "CoredumpFilter": "0x33",
            "CoredumpReceive": "no",
            "DebugInvocation": "no",
            "DefaultDependencies": "yes",
            "Delegate": "no",
            "DelegateNamespaces": "18446744073709551615",
            "Description": "firewalld - dynamic firewall daemon",
            "DeviceAllow": "char-rtc r",
            "DevicePolicy": "closed",
            "Documentation": "\"man:firewalld(1)\"",
            "DynamicUser": "no",
            "EffectiveMemoryHigh": "3994406912",
            "EffectiveMemoryMax": "3994406912",
            "EffectiveTasksMax": "4515",
            "EnvironmentFiles": "/etc/conf.d/firewalld (ignore_errors=yes)",
            "ExecMainCode": "0",
            "ExecMainExitTimestampMonotonic": "0",
            "ExecMainHandoffTimestamp": "Wed 2026-09-16 18:46:37 CDT",
            "ExecMainHandoffTimestampMonotonic": "54364641",
            "ExecMainPID": "530",
            "ExecMainStartTimestamp": "Wed 2026-09-16 18:46:37 CDT",
            "ExecMainStartTimestampMonotonic": "54266118",
            "ExecMainStatus": "0",
            "ExecReload": "{ path=/bin/kill ; argv[]=/bin/kill -HUP $MAINPID ; ignore_errors=no ; start_time=[n/a] ; stop_time=[n/a] ; pid=0 ; code=(null) ; status=0/0 }",
            "ExecReloadEx": "{ path=/bin/kill ; argv[]=/bin/kill -HUP $MAINPID ; flags= ; start_time=[n/a] ; stop_time=[n/a] ; pid=0 ; code=(null) ; status=0/0 }",
            "ExecStart": "{ path=/usr/bin/firewalld ; argv[]=/usr/bin/firewalld --nofork --nopid $FIREWALLD_ARGS ; ignore_errors=no ; start_time=[Wed 2026-09-16 18:46:37 CDT] ; stop_time=[n/a] ; pid=530 ; code=(null) ; status=0/0 }",
            "ExecStartEx": "{ path=/usr/bin/firewalld ; argv[]=/usr/bin/firewalld --nofork --nopid $FIREWALLD_ARGS ; flags= ; start_time=[Wed 2026-09-16 18:46:37 CDT] ; stop_time=[n/a] ; pid=530 ; code=(null) ; status=0/0 }",
            "ExitType": "main",
            "ExtensionImagePolicy": "root=verity+signed+encrypted+encryptedwithintegrity+unprotected+absent:usr=verity+signed+encrypted+encryptedwithintegrity+unprotected+absent:home=encrypted+encryptedwithintegrity+unprotected+absent:srv=encrypted+encryptedwithintegrity+unprotected+absent:tmp=encrypted+encryptedwithintegrity+unprotected+absent:var=encrypted+encryptedwithintegrity+unprotected+absent",
            "FailureAction": "none",
            "FileDescriptorStoreMax": "0",
            "FileDescriptorStorePreserve": "restart",
            "FinalKillSignal": "9",
            "FragmentPath": "/usr/lib/systemd/system/firewalld.service",
            "FreezerState": "running",
            "GID": "[not set]",
            "GuessMainPID": "yes",
            "IOAccounting": "no",
            "IOPressureThresholdUSec": "200ms",
            "IOPressureWatch": "auto",
            "IOReadBytes": "[not set]",
            "IOReadOperations": "[not set]",
            "IOSchedulingClass": "2",
            "IOSchedulingPriority": "4",
            "IOWeight": "[not set]",
            "IOWriteBytes": "[not set]",
            "IOWriteOperations": "[not set]",
            "IPAccounting": "no",
            "IPEgressBytes": "[no data]",
            "IPEgressPackets": "[no data]",
            "IPIngressBytes": "[no data]",
            "IPIngressPackets": "[no data]",
            "Id": "firewalld.service",
            "IgnoreOnIsolate": "no",
            "IgnoreSIGPIPE": "yes",
            "InactiveEnterTimestampMonotonic": "0",
            "InactiveExitTimestamp": "Wed 2026-09-16 18:46:37 CDT",
            "InactiveExitTimestampMonotonic": "54268633",
            "InvocationID": "458a0b377efa441fb9c305968488f980",
            "JobRunningTimeoutUSec": "infinity",
            "JobTimeoutAction": "none",
            "JobTimeoutUSec": "infinity",
            "KeyringMode": "private",
            "KillMode": "mixed",
            "KillSignal": "15",
            "LimitAS": "infinity",
            "LimitASSoft": "infinity",
            "LimitCORE": "infinity",
            "LimitCORESoft": "infinity",
            "LimitCPU": "infinity",
            "LimitCPUSoft": "infinity",
            "LimitDATA": "infinity",
            "LimitDATASoft": "infinity",
            "LimitFSIZE": "infinity",
            "LimitFSIZESoft": "infinity",
            "LimitLOCKS": "infinity",
            "LimitLOCKSSoft": "infinity",
            "LimitMEMLOCK": "8388608",
            "LimitMEMLOCKSoft": "8388608",
            "LimitMSGQUEUE": "819200",
            "LimitMSGQUEUESoft": "819200",
            "LimitNICE": "0",
            "LimitNICESoft": "0",
            "LimitNOFILE": "524288",
            "LimitNOFILESoft": "1024",
            "LimitNPROC": "15051",
            "LimitNPROCSoft": "15051",
            "LimitRSS": "infinity",
            "LimitRSSSoft": "infinity",
            "LimitRTPRIO": "0",
            "LimitRTPRIOSoft": "0",
            "LimitRTTIME": "infinity",
            "LimitRTTIMESoft": "infinity",
            "LimitSIGPENDING": "15051",
            "LimitSIGPENDINGSoft": "15051",
            "LimitSTACK": "infinity",
            "LimitSTACKSoft": "8388608",
            "LiveMountResult": "success",
            "LoadState": "loaded",
            "LockPersonality": "yes",
            "LogLevelMax": "-1",
            "LogRateLimitBurst": "0",
            "LogRateLimitIntervalUSec": "0",
            "LogsDirectoryAccounting": "no",
            "LogsDirectoryMode": "0755",
            "LogsDirectoryQuota": "[not set]",
            "MainPID": "530",
            "ManagedOOMKills": "0",
            "ManagedOOMMemoryPressure": "auto",
            "ManagedOOMMemoryPressureDurationUSec": "[not set]",
            "ManagedOOMMemoryPressureLimit": "0",
            "ManagedOOMPreference": "none",
            "ManagedOOMSwap": "auto",
            "MemoryAccounting": "yes",
            "MemoryAvailable": "1293381632",
            "MemoryCurrent": "7573504",
            "MemoryDenyWriteExecute": "yes",
            "MemoryHigh": "infinity",
            "MemoryKSM": "no",
            "MemoryLow": "0",
            "MemoryMax": "infinity",
            "MemoryMin": "0",
            "MemoryPeak": "53854208",
            "MemoryPressureThresholdUSec": "200ms",
            "MemoryPressureWatch": "auto",
            "MemorySwapCurrent": "28684288",
            "MemorySwapMax": "infinity",
            "MemorySwapPeak": "29630464",
            "MemoryTHP": "inherit",
            "MemoryZSwapCurrent": "0",
            "MemoryZSwapMax": "infinity",
            "MemoryZSwapWriteback": "yes",
            "MountAPIVFS": "no",
            "MountImagePolicy": "root=verity+signed+encrypted+encryptedwithintegrity+unprotected+absent:usr=verity+signed+encrypted+encryptedwithintegrity+unprotected+absent:home=encrypted+encryptedwithintegrity+unprotected+absent:srv=encrypted+encryptedwithintegrity+unprotected+absent:tmp=encrypted+encryptedwithintegrity+unprotected+absent:var=encrypted+encryptedwithintegrity+unprotected+absent",
            "NFileDescriptorStore": "0",
            "NRestarts": "0",
            "NUMAPolicy": "n/a",
            "Names": "firewalld.service dbus-org.fedoraproject.FirewallD1.service",
            "NeedDaemonReload": "no",
            "Nice": "0",
            "NoNewPrivileges": "no",
            "NonBlocking": "no",
            "NotifyAccess": "none",
            "OOMKills": "0",
            "OOMPolicy": "stop",
            "OOMScoreAdjust": "0",
            "OnFailureJobMode": "replace",
            "OnSuccessJobMode": "fail",
            "PartOf": "dbus-broker.service",
            "Perpetual": "no",
            "PrivateBPF": "no",
            "PrivateDevices": "yes",
            "PrivateIPC": "no",
            "PrivateMounts": "no",
            "PrivateNetwork": "no",
            "PrivatePIDs": "no",
            "PrivateTmp": "no",
            "PrivateTmpEx": "no",
            "PrivateUsers": "no",
            "PrivateUsersEx": "no",
            "ProcSubset": "all",
            "ProtectClock": "yes",
            "ProtectControlGroups": "yes",
            "ProtectControlGroupsEx": "yes",
            "ProtectHome": "tmpfs",
            "ProtectHostname": "yes",
            "ProtectKernelLogs": "yes",
            "ProtectKernelModules": "no",
            "ProtectKernelTunables": "no",
            "ProtectProc": "default",
            "ProtectSystem": "yes",
            "RefuseManualStart": "no",
            "RefuseManualStop": "no",
            "ReloadResult": "success",
            "ReloadSignal": "1",
            "RemainAfterExit": "no",
            "RemoveIPC": "no",
            "Requires": "system.slice sysinit.target",
            "Restart": "no",
            "RestartKillSignal": "15",
            "RestartMaxDelayUSec": "infinity",
            "RestartMode": "normal",
            "RestartSteps": "0",
            "RestartUSec": "100ms",
            "RestartUSecNext": "100ms",
            "RestrictNamespaces": "no",
            "RestrictRealtime": "yes",
            "RestrictSUIDSGID": "yes",
            "Result": "success",
            "RootDirectoryStartOnly": "no",
            "RootEphemeral": "no",
            "RootImagePolicy": "root=verity+signed+encrypted+encryptedwithintegrity+unprotected+absent:usr=verity+signed+encrypted+encryptedwithintegrity+unprotected+absent:home=encrypted+encryptedwithintegrity+unprotected+absent:srv=encrypted+encryptedwithintegrity+unprotected+absent:tmp=encrypted+encryptedwithintegrity+unprotected+absent:var=encrypted+encryptedwithintegrity+unprotected+absent",
            "RuntimeDirectoryMode": "0755",
            "RuntimeDirectoryPreserve": "no",
            "RuntimeMaxUSec": "infinity",
            "RuntimeRandomizedExtraUSec": "0",
            "SameProcessGroup": "no",
            "SecureBits": "0",
            "SendSIGHUP": "no",
            "SendSIGKILL": "yes",
            "SetLoginEnvironment": "no",
            "Slice": "system.slice",
            "StandardError": "null",
            "StandardInput": "null",
            "StandardOutput": "null",
            "StartLimitAction": "none",
            "StartLimitBurst": "5",
            "StartLimitIntervalUSec": "10s",
            "StartupCPUWeight": "[not set]",
            "StartupIOWeight": "[not set]",
            "StartupMemoryHigh": "infinity",
            "StartupMemoryLow": "0",
            "StartupMemoryMax": "infinity",
            "StartupMemorySwapMax": "infinity",
            "StartupMemoryZSwapMax": "infinity",
            "StateChangeTimestamp": "Wed 2026-09-16 18:46:37 CDT",
            "StateChangeTimestampMonotonic": "54268633",
            "StateDirectoryAccounting": "no",
            "StateDirectoryMode": "0755",
            "StateDirectoryQuota": "[not set]",
            "StatusErrno": "0",
            "StopWhenUnneeded": "no",
            "SubState": "running",
            "SuccessAction": "none",
            "SurviveFinalKillSignal": "no",
            "SyslogFacility": "3",
            "SyslogLevel": "6",
            "SyslogLevelPrefix": "yes",
            "SyslogPriority": "30",
            "SystemCallArchitectures": "native",
            "SystemCallErrorNumber": "2147483646",
            "TTYReset": "no",
            "TTYVHangup": "no",
            "TTYVTDisallocate": "no",
            "TasksAccounting": "yes",
            "TasksCurrent": "2",
            "TasksMax": "4515",
            "TimeoutAbortUSec": "1min 30s",
            "TimeoutCleanUSec": "infinity",
            "TimeoutStartFailureMode": "terminate",
            "TimeoutStartUSec": "1min 30s",
            "TimeoutStopFailureMode": "terminate",
            "TimeoutStopUSec": "1min 30s",
            "TimerSlackNSec": "50000",
            "Transient": "no",
            "Type": "simple",
            "UID": "[not set]",
            "UMask": "0022",
            "UnitFilePreset": "disabled",
            "UnitFileState": "enabled",
            "UtmpMode": "init",
            "WantedBy": "multi-user.target",
            "Wants": "network-pre.target",
            "WatchdogSignal": "6",
            "WatchdogTimestampMonotonic": "0",
            "WatchdogUSec": "0"
        }
    },
    "msg": "✅ PASS: Host protection daemon [ firewalld ] is verified active and running."
}
ok: [localhost] => (item=fail2ban) => {
    "ansible_loop_var": "item",
    "changed": false,
    "item": {
        "ansible_loop_var": "item",
        "changed": false,
        "failed": false,
        "item": "fail2ban",
        "name": "fail2ban",
        "status": {
            "ActiveEnterTimestampMonotonic": "0",
            "ActiveExitTimestampMonotonic": "0",
            "ActiveState": "inactive",
            "AllowIsolate": "no",
            "AssertResult": "no",
            "AssertTimestampMonotonic": "0",
            "BindLogSockets": "no",
            "CPUAffinityFromNUMA": "no",
            "CPUPressureThresholdUSec": "200ms",
            "CPUPressureWatch": "auto",
            "CPUQuotaPerSecUSec": "infinity",
            "CPUQuotaPeriodUSec": "infinity",
            "CPUSchedulingPolicy": "0",
            "CPUSchedulingPriority": "0",
            "CPUSchedulingResetOnFork": "no",
            "CPUUsageNSec": "[not set]",
            "CPUWeight": "[not set]",
            "CacheDirectoryAccounting": "no",
            "CacheDirectoryMode": "0755",
            "CacheDirectoryQuota": "[not set]",
            "CanFreeze": "yes",
            "CanIsolate": "no",
            "CanLiveMount": "no",
            "CanReload": "no",
            "CanStart": "no",
            "CanStop": "yes",
            "CapabilityBoundingSet": "cap_chown cap_dac_override cap_dac_read_search cap_fowner cap_fsetid cap_kill cap_setgid cap_setuid cap_setpcap cap_linux_immutable cap_net_bind_service cap_net_broadcast cap_net_admin cap_net_raw cap_ipc_lock cap_ipc_owner cap_sys_module cap_sys_rawio cap_sys_chroot cap_sys_ptrace cap_sys_pacct cap_sys_admin cap_sys_boot cap_sys_nice cap_sys_resource cap_sys_time cap_sys_tty_config cap_mknod cap_lease cap_audit_write cap_audit_control cap_setfcap cap_mac_override cap_mac_admin cap_syslog cap_wake_alarm cap_block_suspend cap_audit_read cap_perfmon cap_bpf cap_checkpoint_restore",
            "CleanResult": "success",
            "CollectMode": "inactive",
            "ConditionResult": "no",
            "ConditionTimestampMonotonic": "0",
            "ConfigurationDirectoryMode": "0755",
            "ControlGroupId": "0",
            "ControlPID": "0",
            "CoredumpFilter": "0x33",
            "CoredumpReceive": "no",
            "DebugInvocation": "no",
            "DefaultDependencies": "yes",
            "Delegate": "no",
            "DelegateNamespaces": "18446744073709551615",
            "Description": "fail2ban.service",
            "DevicePolicy": "auto",
            "DynamicUser": "no",
            "EffectiveMemoryHigh": "infinity",
            "EffectiveMemoryMax": "infinity",
            "EffectiveTasksMax": "4515",
            "ExecMainCode": "0",
            "ExecMainExitTimestampMonotonic": "0",
            "ExecMainHandoffTimestampMonotonic": "0",
            "ExecMainPID": "0",
            "ExecMainStartTimestampMonotonic": "0",
            "ExecMainStatus": "0",
            "ExitType": "main",
            "ExtensionImagePolicy": "root=verity+signed+encrypted+encryptedwithintegrity+unprotected+absent:usr=verity+signed+encrypted+encryptedwithintegrity+unprotected+absent:home=encrypted+encryptedwithintegrity+unprotected+absent:srv=encrypted+encryptedwithintegrity+unprotected+absent:tmp=encrypted+encryptedwithintegrity+unprotected+absent:var=encrypted+encryptedwithintegrity+unprotected+absent",
            "FailureAction": "none",
            "FileDescriptorStoreMax": "0",
            "FileDescriptorStorePreserve": "restart",
            "FinalKillSignal": "9",
            "FreezerState": "running",
            "GID": "[not set]",
            "GuessMainPID": "yes",
            "IOAccounting": "no",
            "IOPressureThresholdUSec": "200ms",
            "IOPressureWatch": "auto",
            "IOReadBytes": "[not set]",
            "IOReadOperations": "[not set]",
            "IOSchedulingClass": "2",
            "IOSchedulingPriority": "4",
            "IOWeight": "[not set]",
            "IOWriteBytes": "[not set]",
            "IOWriteOperations": "[not set]",
            "IPAccounting": "no",
            "IPEgressBytes": "[no data]",
            "IPEgressPackets": "[no data]",
            "IPIngressBytes": "[no data]",
            "IPIngressPackets": "[no data]",
            "Id": "fail2ban.service",
            "IgnoreOnIsolate": "no",
            "IgnoreSIGPIPE": "yes",
            "InactiveEnterTimestampMonotonic": "0",
            "InactiveExitTimestampMonotonic": "0",
            "JobRunningTimeoutUSec": "infinity",
            "JobTimeoutAction": "none",
            "JobTimeoutUSec": "infinity",
            "KeyringMode": "private",
            "KillMode": "control-group",
            "KillSignal": "15",
            "LimitAS": "infinity",
            "LimitASSoft": "infinity",
            "LimitCORE": "infinity",
            "LimitCORESoft": "infinity",
            "LimitCPU": "infinity",
            "LimitCPUSoft": "infinity",
            "LimitDATA": "infinity",
            "LimitDATASoft": "infinity",
            "LimitFSIZE": "infinity",
            "LimitFSIZESoft": "infinity",
            "LimitLOCKS": "infinity",
            "LimitLOCKSSoft": "infinity",
            "LimitMEMLOCK": "499298304",
            "LimitMEMLOCKSoft": "499298304",
            "LimitMSGQUEUE": "819200",
            "LimitMSGQUEUESoft": "819200",
            "LimitNICE": "0",
            "LimitNICESoft": "0",
            "LimitNOFILE": "2147483584",
            "LimitNOFILESoft": "2147483584",
            "LimitNPROC": "15051",
            "LimitNPROCSoft": "15051",
            "LimitRSS": "infinity",
            "LimitRSSSoft": "infinity",
            "LimitRTPRIO": "0",
            "LimitRTPRIOSoft": "0",
            "LimitRTTIME": "infinity",
            "LimitRTTIMESoft": "infinity",
            "LimitSIGPENDING": "15051",
            "LimitSIGPENDINGSoft": "15051",
            "LimitSTACK": "infinity",
            "LimitSTACKSoft": "8388608",
            "LiveMountResult": "success",
            "LoadError": "org.freedesktop.systemd1.NoSuchUnit \"Unit fail2ban.service not found.\"",
            "LoadState": "not-found",
            "LockPersonality": "no",
            "LogLevelMax": "-1",
            "LogRateLimitBurst": "0",
            "LogRateLimitIntervalUSec": "0",
            "LogsDirectoryAccounting": "no",
            "LogsDirectoryMode": "0755",
            "LogsDirectoryQuota": "[not set]",
            "MainPID": "0",
            "ManagedOOMKills": "18446744073709551615",
            "ManagedOOMMemoryPressure": "auto",
            "ManagedOOMMemoryPressureDurationUSec": "[not set]",
            "ManagedOOMMemoryPressureLimit": "0",
            "ManagedOOMPreference": "none",
            "ManagedOOMSwap": "auto",
            "MemoryAccounting": "yes",
            "MemoryAvailable": "[not set]",
            "MemoryCurrent": "[not set]",
            "MemoryDenyWriteExecute": "no",
            "MemoryHigh": "infinity",
            "MemoryKSM": "no",
            "MemoryLow": "0",
            "MemoryMax": "infinity",
            "MemoryMin": "0",
            "MemoryPeak": "[not set]",
            "MemoryPressureThresholdUSec": "200ms",
            "MemoryPressureWatch": "auto",
            "MemorySwapCurrent": "[not set]",
            "MemorySwapMax": "infinity",
            "MemorySwapPeak": "[not set]",
            "MemoryTHP": "inherit",
            "MemoryZSwapCurrent": "[not set]",
            "MemoryZSwapMax": "infinity",
            "MemoryZSwapWriteback": "yes",
            "MountAPIVFS": "no",
            "MountImagePolicy": "root=verity+signed+encrypted+encryptedwithintegrity+unprotected+absent:usr=verity+signed+encrypted+encryptedwithintegrity+unprotected+absent:home=encrypted+encryptedwithintegrity+unprotected+absent:srv=encrypted+encryptedwithintegrity+unprotected+absent:tmp=encrypted+encryptedwithintegrity+unprotected+absent:var=encrypted+encryptedwithintegrity+unprotected+absent",
            "NFileDescriptorStore": "0",
            "NRestarts": "0",
            "NUMAPolicy": "n/a",
            "Names": "fail2ban.service",
            "NeedDaemonReload": "no",
            "Nice": "0",
            "NoNewPrivileges": "no",
            "NonBlocking": "no",
            "NotifyAccess": "none",
            "OOMKills": "18446744073709551615",
            "OOMScoreAdjust": "0",
            "OnFailureJobMode": "replace",
            "OnSuccessJobMode": "fail",
            "Perpetual": "no",
            "PrivateBPF": "no",
            "PrivateDevices": "no",
            "PrivateIPC": "no",
            "PrivateMounts": "no",
            "PrivateNetwork": "no",
            "PrivatePIDs": "no",
            "PrivateTmp": "no",
            "PrivateTmpEx": "no",
            "PrivateUsers": "no",
            "PrivateUsersEx": "no",
            "ProcSubset": "all",
            "ProtectClock": "no",
            "ProtectControlGroups": "no",
            "ProtectControlGroupsEx": "no",
            "ProtectHome": "no",
            "ProtectHostname": "no",
            "ProtectKernelLogs": "no",
            "ProtectKernelModules": "no",
            "ProtectKernelTunables": "no",
            "ProtectProc": "default",
            "ProtectSystem": "no",
            "RefuseManualStart": "no",
            "RefuseManualStop": "no",
            "ReloadResult": "success",
            "ReloadSignal": "1",
            "RemainAfterExit": "no",
            "RemoveIPC": "no",
            "Restart": "no",
            "RestartKillSignal": "15",
            "RestartMaxDelayUSec": "infinity",
            "RestartMode": "normal",
            "RestartSteps": "0",
            "RestartUSec": "100ms",
            "RestartUSecNext": "100ms",
            "RestrictNamespaces": "no",
            "RestrictRealtime": "no",
            "RestrictSUIDSGID": "no",
            "Result": "success",
            "RootDirectoryStartOnly": "no",
            "RootEphemeral": "no",
            "RootImagePolicy": "root=verity+signed+encrypted+encryptedwithintegrity+unprotected+absent:usr=verity+signed+encrypted+encryptedwithintegrity+unprotected+absent:home=encrypted+encryptedwithintegrity+unprotected+absent:srv=encrypted+encryptedwithintegrity+unprotected+absent:tmp=encrypted+encryptedwithintegrity+unprotected+absent:var=encrypted+encryptedwithintegrity+unprotected+absent",
            "RuntimeDirectoryMode": "0755",
            "RuntimeDirectoryPreserve": "no",
            "RuntimeMaxUSec": "infinity",
            "RuntimeRandomizedExtraUSec": "0",
            "SameProcessGroup": "no",
            "SecureBits": "0",
            "SendSIGHUP": "no",
            "SendSIGKILL": "yes",
            "SetLoginEnvironment": "no",
            "StandardError": "inherit",
            "StandardInput": "null",
            "StandardOutput": "inherit",
            "StartLimitAction": "none",
            "StartLimitBurst": "5",
            "StartLimitIntervalUSec": "10s",
            "StartupCPUWeight": "[not set]",
            "StartupIOWeight": "[not set]",
            "StartupMemoryHigh": "infinity",
            "StartupMemoryLow": "0",
            "StartupMemoryMax": "infinity",
            "StartupMemorySwapMax": "infinity",
            "StartupMemoryZSwapMax": "infinity",
            "StateChangeTimestampMonotonic": "0",
            "StateDirectoryAccounting": "no",
            "StateDirectoryMode": "0755",
            "StateDirectoryQuota": "[not set]",
            "StatusErrno": "0",
            "StopWhenUnneeded": "no",
            "SubState": "dead",
            "SuccessAction": "none",
            "SurviveFinalKillSignal": "no",
            "SyslogFacility": "3",
            "SyslogLevel": "6",
            "SyslogLevelPrefix": "yes",
            "SyslogPriority": "30",
            "SystemCallErrorNumber": "2147483646",
            "TTYReset": "no",
            "TTYVHangup": "no",
            "TTYVTDisallocate": "no",
            "TasksAccounting": "yes",
            "TasksCurrent": "[not set]",
            "TasksMax": "4515",
            "TimeoutAbortUSec": "1min 30s",
            "TimeoutCleanUSec": "infinity",
            "TimeoutStartFailureMode": "terminate",
            "TimeoutStartUSec": "1min 30s",
            "TimeoutStopFailureMode": "terminate",
            "TimeoutStopUSec": "1min 30s",
            "TimerSlackNSec": "50000",
            "Transient": "no",
            "UID": "[not set]",
            "UMask": "0022",
            "UtmpMode": "init",
            "WatchdogSignal": "6",
            "WatchdogTimestampMonotonic": "0",
            "WatchdogUSec": "infinity"
        }
    },
    "msg": "✅ PASS: Host protection daemon [ fail2ban ] is verified active and running."
}
ok: [localhost] => (item=sysstat) => {
    "ansible_loop_var": "item",
    "changed": false,
    "item": {
        "ansible_loop_var": "item",
        "changed": false,
        "failed": false,
        "item": "sysstat",
        "name": "sysstat",
        "status": {
            "ActiveEnterTimestampMonotonic": "0",
            "ActiveExitTimestampMonotonic": "0",
            "ActiveState": "inactive",
            "AllowIsolate": "no",
            "AssertResult": "no",
            "AssertTimestampMonotonic": "0",
            "BindLogSockets": "no",
            "CPUAffinityFromNUMA": "no",
            "CPUPressureThresholdUSec": "200ms",
            "CPUPressureWatch": "auto",
            "CPUQuotaPerSecUSec": "infinity",
            "CPUQuotaPeriodUSec": "infinity",
            "CPUSchedulingPolicy": "0",
            "CPUSchedulingPriority": "0",
            "CPUSchedulingResetOnFork": "no",
            "CPUUsageNSec": "[not set]",
            "CPUWeight": "[not set]",
            "CacheDirectoryAccounting": "no",
            "CacheDirectoryMode": "0755",
            "CacheDirectoryQuota": "[not set]",
            "CanFreeze": "yes",
            "CanIsolate": "no",
            "CanLiveMount": "no",
            "CanReload": "no",
            "CanStart": "no",
            "CanStop": "yes",
            "CapabilityBoundingSet": "cap_chown cap_dac_override cap_dac_read_search cap_fowner cap_fsetid cap_kill cap_setgid cap_setuid cap_setpcap cap_linux_immutable cap_net_bind_service cap_net_broadcast cap_net_admin cap_net_raw cap_ipc_lock cap_ipc_owner cap_sys_module cap_sys_rawio cap_sys_chroot cap_sys_ptrace cap_sys_pacct cap_sys_admin cap_sys_boot cap_sys_nice cap_sys_resource cap_sys_time cap_sys_tty_config cap_mknod cap_lease cap_audit_write cap_audit_control cap_setfcap cap_mac_override cap_mac_admin cap_syslog cap_wake_alarm cap_block_suspend cap_audit_read cap_perfmon cap_bpf cap_checkpoint_restore",
            "CleanResult": "success",
            "CollectMode": "inactive",
            "ConditionResult": "no",
            "ConditionTimestampMonotonic": "0",
            "ConfigurationDirectoryMode": "0755",
            "ControlGroupId": "0",
            "ControlPID": "0",
            "CoredumpFilter": "0x33",
            "CoredumpReceive": "no",
            "DebugInvocation": "no",
            "DefaultDependencies": "yes",
            "Delegate": "no",
            "DelegateNamespaces": "18446744073709551615",
            "Description": "sysstat.service",
            "DevicePolicy": "auto",
            "DynamicUser": "no",
            "EffectiveMemoryHigh": "infinity",
            "EffectiveMemoryMax": "infinity",
            "EffectiveTasksMax": "4515",
            "ExecMainCode": "0",
            "ExecMainExitTimestampMonotonic": "0",
            "ExecMainHandoffTimestampMonotonic": "0",
            "ExecMainPID": "0",
            "ExecMainStartTimestampMonotonic": "0",
            "ExecMainStatus": "0",
            "ExitType": "main",
            "ExtensionImagePolicy": "root=verity+signed+encrypted+encryptedwithintegrity+unprotected+absent:usr=verity+signed+encrypted+encryptedwithintegrity+unprotected+absent:home=encrypted+encryptedwithintegrity+unprotected+absent:srv=encrypted+encryptedwithintegrity+unprotected+absent:tmp=encrypted+encryptedwithintegrity+unprotected+absent:var=encrypted+encryptedwithintegrity+unprotected+absent",
            "FailureAction": "none",
            "FileDescriptorStoreMax": "0",
            "FileDescriptorStorePreserve": "restart",
            "FinalKillSignal": "9",
            "FreezerState": "running",
            "GID": "[not set]",
            "GuessMainPID": "yes",
            "IOAccounting": "no",
            "IOPressureThresholdUSec": "200ms",
            "IOPressureWatch": "auto",
            "IOReadBytes": "[not set]",
            "IOReadOperations": "[not set]",
            "IOSchedulingClass": "2",
            "IOSchedulingPriority": "4",
            "IOWeight": "[not set]",
            "IOWriteBytes": "[not set]",
            "IOWriteOperations": "[not set]",
            "IPAccounting": "no",
            "IPEgressBytes": "[no data]",
            "IPEgressPackets": "[no data]",
            "IPIngressBytes": "[no data]",
            "IPIngressPackets": "[no data]",
            "Id": "sysstat.service",
            "IgnoreOnIsolate": "no",
            "IgnoreSIGPIPE": "yes",
            "InactiveEnterTimestampMonotonic": "0",
            "InactiveExitTimestampMonotonic": "0",
            "JobRunningTimeoutUSec": "infinity",
            "JobTimeoutAction": "none",
            "JobTimeoutUSec": "infinity",
            "KeyringMode": "private",
            "KillMode": "control-group",
            "KillSignal": "15",
            "LimitAS": "infinity",
            "LimitASSoft": "infinity",
            "LimitCORE": "infinity",
            "LimitCORESoft": "infinity",
            "LimitCPU": "infinity",
            "LimitCPUSoft": "infinity",
            "LimitDATA": "infinity",
            "LimitDATASoft": "infinity",
            "LimitFSIZE": "infinity",
            "LimitFSIZESoft": "infinity",
            "LimitLOCKS": "infinity",
            "LimitLOCKSSoft": "infinity",
            "LimitMEMLOCK": "499298304",
            "LimitMEMLOCKSoft": "499298304",
            "LimitMSGQUEUE": "819200",
            "LimitMSGQUEUESoft": "819200",
            "LimitNICE": "0",
            "LimitNICESoft": "0",
            "LimitNOFILE": "2147483584",
            "LimitNOFILESoft": "2147483584",
            "LimitNPROC": "15051",
            "LimitNPROCSoft": "15051",
            "LimitRSS": "infinity",
            "LimitRSSSoft": "infinity",
            "LimitRTPRIO": "0",
            "LimitRTPRIOSoft": "0",
            "LimitRTTIME": "infinity",
            "LimitRTTIMESoft": "infinity",
            "LimitSIGPENDING": "15051",
            "LimitSIGPENDINGSoft": "15051",
            "LimitSTACK": "infinity",
            "LimitSTACKSoft": "8388608",
            "LiveMountResult": "success",
            "LoadError": "org.freedesktop.systemd1.NoSuchUnit \"Unit sysstat.service not found.\"",
            "LoadState": "not-found",
            "LockPersonality": "no",
            "LogLevelMax": "-1",
            "LogRateLimitBurst": "0",
            "LogRateLimitIntervalUSec": "0",
            "LogsDirectoryAccounting": "no",
            "LogsDirectoryMode": "0755",
            "LogsDirectoryQuota": "[not set]",
            "MainPID": "0",
            "ManagedOOMKills": "18446744073709551615",
            "ManagedOOMMemoryPressure": "auto",
            "ManagedOOMMemoryPressureDurationUSec": "[not set]",
            "ManagedOOMMemoryPressureLimit": "0",
            "ManagedOOMPreference": "none",
            "ManagedOOMSwap": "auto",
            "MemoryAccounting": "yes",
            "MemoryAvailable": "[not set]",
            "MemoryCurrent": "[not set]",
            "MemoryDenyWriteExecute": "no",
            "MemoryHigh": "infinity",
            "MemoryKSM": "no",
            "MemoryLow": "0",
            "MemoryMax": "infinity",
            "MemoryMin": "0",
            "MemoryPeak": "[not set]",
            "MemoryPressureThresholdUSec": "200ms",
            "MemoryPressureWatch": "auto",
            "MemorySwapCurrent": "[not set]",
            "MemorySwapMax": "infinity",
            "MemorySwapPeak": "[not set]",
            "MemoryTHP": "inherit",
            "MemoryZSwapCurrent": "[not set]",
            "MemoryZSwapMax": "infinity",
            "MemoryZSwapWriteback": "yes",
            "MountAPIVFS": "no",
            "MountImagePolicy": "root=verity+signed+encrypted+encryptedwithintegrity+unprotected+absent:usr=verity+signed+encrypted+encryptedwithintegrity+unprotected+absent:home=encrypted+encryptedwithintegrity+unprotected+absent:srv=encrypted+encryptedwithintegrity+unprotected+absent:tmp=encrypted+encryptedwithintegrity+unprotected+absent:var=encrypted+encryptedwithintegrity+unprotected+absent",
            "NFileDescriptorStore": "0",
            "NRestarts": "0",
            "NUMAPolicy": "n/a",
            "Names": "sysstat.service",
            "NeedDaemonReload": "no",
            "Nice": "0",
            "NoNewPrivileges": "no",
            "NonBlocking": "no",
            "NotifyAccess": "none",
            "OOMKills": "18446744073709551615",
            "OOMScoreAdjust": "0",
            "OnFailureJobMode": "replace",
            "OnSuccessJobMode": "fail",
            "Perpetual": "no",
            "PrivateBPF": "no",
            "PrivateDevices": "no",
            "PrivateIPC": "no",
            "PrivateMounts": "no",
            "PrivateNetwork": "no",
            "PrivatePIDs": "no",
            "PrivateTmp": "no",
            "PrivateTmpEx": "no",
            "PrivateUsers": "no",
            "PrivateUsersEx": "no",
            "ProcSubset": "all",
            "ProtectClock": "no",
            "ProtectControlGroups": "no",
            "ProtectControlGroupsEx": "no",
            "ProtectHome": "no",
            "ProtectHostname": "no",
            "ProtectKernelLogs": "no",
            "ProtectKernelModules": "no",
            "ProtectKernelTunables": "no",
            "ProtectProc": "default",
            "ProtectSystem": "no",
            "RefuseManualStart": "no",
            "RefuseManualStop": "no",
            "ReloadResult": "success",
            "ReloadSignal": "1",
            "RemainAfterExit": "no",
            "RemoveIPC": "no",
            "Restart": "no",
            "RestartKillSignal": "15",
            "RestartMaxDelayUSec": "infinity",
            "RestartMode": "normal",
            "RestartSteps": "0",
            "RestartUSec": "100ms",
            "RestartUSecNext": "100ms",
            "RestrictNamespaces": "no",
            "RestrictRealtime": "no",
            "RestrictSUIDSGID": "no",
            "Result": "success",
            "RootDirectoryStartOnly": "no",
            "RootEphemeral": "no",
            "RootImagePolicy": "root=verity+signed+encrypted+encryptedwithintegrity+unprotected+absent:usr=verity+signed+encrypted+encryptedwithintegrity+unprotected+absent:home=encrypted+encryptedwithintegrity+unprotected+absent:srv=encrypted+encryptedwithintegrity+unprotected+absent:tmp=encrypted+encryptedwithintegrity+unprotected+absent:var=encrypted+encryptedwithintegrity+unprotected+absent",
            "RuntimeDirectoryMode": "0755",
            "RuntimeDirectoryPreserve": "no",
            "RuntimeMaxUSec": "infinity",
            "RuntimeRandomizedExtraUSec": "0",
            "SameProcessGroup": "no",
            "SecureBits": "0",
            "SendSIGHUP": "no",
            "SendSIGKILL": "yes",
            "SetLoginEnvironment": "no",
            "StandardError": "inherit",
            "StandardInput": "null",
            "StandardOutput": "inherit",
            "StartLimitAction": "none",
            "StartLimitBurst": "5",
            "StartLimitIntervalUSec": "10s",
            "StartupCPUWeight": "[not set]",
            "StartupIOWeight": "[not set]",
            "StartupMemoryHigh": "infinity",
            "StartupMemoryLow": "0",
            "StartupMemoryMax": "infinity",
            "StartupMemorySwapMax": "infinity",
            "StartupMemoryZSwapMax": "infinity",
            "StateChangeTimestampMonotonic": "0",
            "StateDirectoryAccounting": "no",
            "StateDirectoryMode": "0755",
            "StateDirectoryQuota": "[not set]",
            "StatusErrno": "0",
            "StopWhenUnneeded": "no",
            "SubState": "dead",
            "SuccessAction": "none",
            "SurviveFinalKillSignal": "no",
            "SyslogFacility": "3",
            "SyslogLevel": "6",
            "SyslogLevelPrefix": "yes",
            "SyslogPriority": "30",
            "SystemCallErrorNumber": "2147483646",
            "TTYReset": "no",
            "TTYVHangup": "no",
            "TTYVTDisallocate": "no",
            "TasksAccounting": "yes",
            "TasksCurrent": "[not set]",
            "TasksMax": "4515",
            "TimeoutAbortUSec": "1min 30s",
            "TimeoutCleanUSec": "infinity",
            "TimeoutStartFailureMode": "terminate",
            "TimeoutStartUSec": "1min 30s",
            "TimeoutStopFailureMode": "terminate",
            "TimeoutStopUSec": "1min 30s",
            "TimerSlackNSec": "50000",
            "Transient": "no",
            "UID": "[not set]",
            "UMask": "0022",
            "UtmpMode": "init",
            "WatchdogSignal": "6",
            "WatchdogTimestampMonotonic": "0",
            "WatchdogUSec": "infinity"
        }
    },
    "msg": "✅ PASS: Host protection daemon [ sysstat ] is verified active and running."
}
ok: [localhost] => (item=usbguard) => {
    "ansible_loop_var": "item",
    "changed": false,
    "item": {
        "ansible_loop_var": "item",
        "changed": false,
        "failed": false,
        "item": "usbguard",
        "name": "usbguard",
        "status": {
            "ActiveEnterTimestampMonotonic": "0",
            "ActiveExitTimestampMonotonic": "0",
            "ActiveState": "inactive",
            "AllowIsolate": "no",
            "AssertResult": "no",
            "AssertTimestampMonotonic": "0",
            "BindLogSockets": "no",
            "CPUAffinityFromNUMA": "no",
            "CPUPressureThresholdUSec": "200ms",
            "CPUPressureWatch": "auto",
            "CPUQuotaPerSecUSec": "infinity",
            "CPUQuotaPeriodUSec": "infinity",
            "CPUSchedulingPolicy": "0",
            "CPUSchedulingPriority": "0",
            "CPUSchedulingResetOnFork": "no",
            "CPUUsageNSec": "[not set]",
            "CPUWeight": "[not set]",
            "CacheDirectoryAccounting": "no",
            "CacheDirectoryMode": "0755",
            "CacheDirectoryQuota": "[not set]",
            "CanFreeze": "yes",
            "CanIsolate": "no",
            "CanLiveMount": "no",
            "CanReload": "no",
            "CanStart": "no",
            "CanStop": "yes",
            "CapabilityBoundingSet": "cap_chown cap_dac_override cap_dac_read_search cap_fowner cap_fsetid cap_kill cap_setgid cap_setuid cap_setpcap cap_linux_immutable cap_net_bind_service cap_net_broadcast cap_net_admin cap_net_raw cap_ipc_lock cap_ipc_owner cap_sys_module cap_sys_rawio cap_sys_chroot cap_sys_ptrace cap_sys_pacct cap_sys_admin cap_sys_boot cap_sys_nice cap_sys_resource cap_sys_time cap_sys_tty_config cap_mknod cap_lease cap_audit_write cap_audit_control cap_setfcap cap_mac_override cap_mac_admin cap_syslog cap_wake_alarm cap_block_suspend cap_audit_read cap_perfmon cap_bpf cap_checkpoint_restore",
            "CleanResult": "success",
            "CollectMode": "inactive",
            "ConditionResult": "no",
            "ConditionTimestampMonotonic": "0",
            "ConfigurationDirectoryMode": "0755",
            "ControlGroupId": "0",
            "ControlPID": "0",
            "CoredumpFilter": "0x33",
            "CoredumpReceive": "no",
            "DebugInvocation": "no",
            "DefaultDependencies": "yes",
            "Delegate": "no",
            "DelegateNamespaces": "18446744073709551615",
            "Description": "usbguard.service",
            "DevicePolicy": "auto",
            "DynamicUser": "no",
            "EffectiveMemoryHigh": "infinity",
            "EffectiveMemoryMax": "infinity",
            "EffectiveTasksMax": "4515",
            "ExecMainCode": "0",
            "ExecMainExitTimestampMonotonic": "0",
            "ExecMainHandoffTimestampMonotonic": "0",
            "ExecMainPID": "0",
            "ExecMainStartTimestampMonotonic": "0",
            "ExecMainStatus": "0",
            "ExitType": "main",
            "ExtensionImagePolicy": "root=verity+signed+encrypted+encryptedwithintegrity+unprotected+absent:usr=verity+signed+encrypted+encryptedwithintegrity+unprotected+absent:home=encrypted+encryptedwithintegrity+unprotected+absent:srv=encrypted+encryptedwithintegrity+unprotected+absent:tmp=encrypted+encryptedwithintegrity+unprotected+absent:var=encrypted+encryptedwithintegrity+unprotected+absent",
            "FailureAction": "none",
            "FileDescriptorStoreMax": "0",
            "FileDescriptorStorePreserve": "restart",
            "FinalKillSignal": "9",
            "FreezerState": "running",
            "GID": "[not set]",
            "GuessMainPID": "yes",
            "IOAccounting": "no",
            "IOPressureThresholdUSec": "200ms",
            "IOPressureWatch": "auto",
            "IOReadBytes": "[not set]",
            "IOReadOperations": "[not set]",
            "IOSchedulingClass": "2",
            "IOSchedulingPriority": "4",
            "IOWeight": "[not set]",
            "IOWriteBytes": "[not set]",
            "IOWriteOperations": "[not set]",
            "IPAccounting": "no",
            "IPEgressBytes": "[no data]",
            "IPEgressPackets": "[no data]",
            "IPIngressBytes": "[no data]",
            "IPIngressPackets": "[no data]",
            "Id": "usbguard.service",
            "IgnoreOnIsolate": "no",
            "IgnoreSIGPIPE": "yes",
            "InactiveEnterTimestampMonotonic": "0",
            "InactiveExitTimestampMonotonic": "0",
            "JobRunningTimeoutUSec": "infinity",
            "JobTimeoutAction": "none",
            "JobTimeoutUSec": "infinity",
            "KeyringMode": "private",
            "KillMode": "control-group",
            "KillSignal": "15",
            "LimitAS": "infinity",
            "LimitASSoft": "infinity",
            "LimitCORE": "infinity",
            "LimitCORESoft": "infinity",
            "LimitCPU": "infinity",
            "LimitCPUSoft": "infinity",
            "LimitDATA": "infinity",
            "LimitDATASoft": "infinity",
            "LimitFSIZE": "infinity",
            "LimitFSIZESoft": "infinity",
            "LimitLOCKS": "infinity",
            "LimitLOCKSSoft": "infinity",
            "LimitMEMLOCK": "499298304",
            "LimitMEMLOCKSoft": "499298304",
            "LimitMSGQUEUE": "819200",
            "LimitMSGQUEUESoft": "819200",
            "LimitNICE": "0",
            "LimitNICESoft": "0",
            "LimitNOFILE": "2147483584",
            "LimitNOFILESoft": "2147483584",
            "LimitNPROC": "15051",
            "LimitNPROCSoft": "15051",
            "LimitRSS": "infinity",
            "LimitRSSSoft": "infinity",
            "LimitRTPRIO": "0",
            "LimitRTPRIOSoft": "0",
            "LimitRTTIME": "infinity",
            "LimitRTTIMESoft": "infinity",
            "LimitSIGPENDING": "15051",
            "LimitSIGPENDINGSoft": "15051",
            "LimitSTACK": "infinity",
            "LimitSTACKSoft": "8388608",
            "LiveMountResult": "success",
            "LoadError": "org.freedesktop.systemd1.NoSuchUnit \"Unit usbguard.service not found.\"",
            "LoadState": "not-found",
            "LockPersonality": "no",
            "LogLevelMax": "-1",
            "LogRateLimitBurst": "0",
            "LogRateLimitIntervalUSec": "0",
            "LogsDirectoryAccounting": "no",
            "LogsDirectoryMode": "0755",
            "LogsDirectoryQuota": "[not set]",
            "MainPID": "0",
            "ManagedOOMKills": "18446744073709551615",
            "ManagedOOMMemoryPressure": "auto",
            "ManagedOOMMemoryPressureDurationUSec": "[not set]",
            "ManagedOOMMemoryPressureLimit": "0",
            "ManagedOOMPreference": "none",
            "ManagedOOMSwap": "auto",
            "MemoryAccounting": "yes",
            "MemoryAvailable": "[not set]",
            "MemoryCurrent": "[not set]",
            "MemoryDenyWriteExecute": "no",
            "MemoryHigh": "infinity",
            "MemoryKSM": "no",
            "MemoryLow": "0",
            "MemoryMax": "infinity",
            "MemoryMin": "0",
            "MemoryPeak": "[not set]",
            "MemoryPressureThresholdUSec": "200ms",
            "MemoryPressureWatch": "auto",
            "MemorySwapCurrent": "[not set]",
            "MemorySwapMax": "infinity",
            "MemorySwapPeak": "[not set]",
            "MemoryTHP": "inherit",
            "MemoryZSwapCurrent": "[not set]",
            "MemoryZSwapMax": "infinity",
            "MemoryZSwapWriteback": "yes",
            "MountAPIVFS": "no",
            "MountImagePolicy": "root=verity+signed+encrypted+encryptedwithintegrity+unprotected+absent:usr=verity+signed+encrypted+encryptedwithintegrity+unprotected+absent:home=encrypted+encryptedwithintegrity+unprotected+absent:srv=encrypted+encryptedwithintegrity+unprotected+absent:tmp=encrypted+encryptedwithintegrity+unprotected+absent:var=encrypted+encryptedwithintegrity+unprotected+absent",
            "NFileDescriptorStore": "0",
            "NRestarts": "0",
            "NUMAPolicy": "n/a",
            "Names": "usbguard.service",
            "NeedDaemonReload": "no",
            "Nice": "0",
            "NoNewPrivileges": "no",
            "NonBlocking": "no",
            "NotifyAccess": "none",
            "OOMKills": "18446744073709551615",
            "OOMScoreAdjust": "0",
            "OnFailureJobMode": "replace",
            "OnSuccessJobMode": "fail",
            "Perpetual": "no",
            "PrivateBPF": "no",
            "PrivateDevices": "no",
            "PrivateIPC": "no",
            "PrivateMounts": "no",
            "PrivateNetwork": "no",
            "PrivatePIDs": "no",
            "PrivateTmp": "no",
            "PrivateTmpEx": "no",
            "PrivateUsers": "no",
            "PrivateUsersEx": "no",
            "ProcSubset": "all",
            "ProtectClock": "no",
            "ProtectControlGroups": "no",
            "ProtectControlGroupsEx": "no",
            "ProtectHome": "no",
            "ProtectHostname": "no",
            "ProtectKernelLogs": "no",
            "ProtectKernelModules": "no",
            "ProtectKernelTunables": "no",
            "ProtectProc": "default",
            "ProtectSystem": "no",
            "RefuseManualStart": "no",
            "RefuseManualStop": "no",
            "ReloadResult": "success",
            "ReloadSignal": "1",
            "RemainAfterExit": "no",
            "RemoveIPC": "no",
            "Restart": "no",
            "RestartKillSignal": "15",
            "RestartMaxDelayUSec": "infinity",
            "RestartMode": "normal",
            "RestartSteps": "0",
            "RestartUSec": "100ms",
            "RestartUSecNext": "100ms",
            "RestrictNamespaces": "no",
            "RestrictRealtime": "no",
            "RestrictSUIDSGID": "no",
            "Result": "success",
            "RootDirectoryStartOnly": "no",
            "RootEphemeral": "no",
            "RootImagePolicy": "root=verity+signed+encrypted+encryptedwithintegrity+unprotected+absent:usr=verity+signed+encrypted+encryptedwithintegrity+unprotected+absent:home=encrypted+encryptedwithintegrity+unprotected+absent:srv=encrypted+encryptedwithintegrity+unprotected+absent:tmp=encrypted+encryptedwithintegrity+unprotected+absent:var=encrypted+encryptedwithintegrity+unprotected+absent",
            "RuntimeDirectoryMode": "0755",
            "RuntimeDirectoryPreserve": "no",
            "RuntimeMaxUSec": "infinity",
            "RuntimeRandomizedExtraUSec": "0",
            "SameProcessGroup": "no",
            "SecureBits": "0",
            "SendSIGHUP": "no",
            "SendSIGKILL": "yes",
            "SetLoginEnvironment": "no",
            "StandardError": "inherit",
            "StandardInput": "null",
            "StandardOutput": "inherit",
            "StartLimitAction": "none",
            "StartLimitBurst": "5",
            "StartLimitIntervalUSec": "10s",
            "StartupCPUWeight": "[not set]",
            "StartupIOWeight": "[not set]",
            "StartupMemoryHigh": "infinity",
            "StartupMemoryLow": "0",
            "StartupMemoryMax": "infinity",
            "StartupMemorySwapMax": "infinity",
            "StartupMemoryZSwapMax": "infinity",
            "StateChangeTimestampMonotonic": "0",
            "StateDirectoryAccounting": "no",
            "StateDirectoryMode": "0755",
            "StateDirectoryQuota": "[not set]",
            "StatusErrno": "0",
            "StopWhenUnneeded": "no",
            "SubState": "dead",
            "SuccessAction": "none",
            "SurviveFinalKillSignal": "no",
            "SyslogFacility": "3",
            "SyslogLevel": "6",
            "SyslogLevelPrefix": "yes",
            "SyslogPriority": "30",
            "SystemCallErrorNumber": "2147483646",
            "TTYReset": "no",
            "TTYVHangup": "no",
            "TTYVTDisallocate": "no",
            "TasksAccounting": "yes",
            "TasksCurrent": "[not set]",
            "TasksMax": "4515",
            "TimeoutAbortUSec": "1min 30s",
            "TimeoutCleanUSec": "infinity",
            "TimeoutStartFailureMode": "terminate",
            "TimeoutStartUSec": "1min 30s",
            "TimeoutStopFailureMode": "terminate",
            "TimeoutStopUSec": "1min 30s",
            "TimerSlackNSec": "50000",
            "Transient": "no",
            "UID": "[not set]",
            "UMask": "0022",
            "UtmpMode": "init",
            "WatchdogSignal": "6",
            "WatchdogTimestampMonotonic": "0",
            "WatchdogUSec": "infinity"
        }
    },
    "msg": "✅ PASS: Host protection daemon [ usbguard ] is verified active and running."
}
ok: [localhost] => (item=aide-check.timer) => {
    "ansible_loop_var": "item",
    "changed": false,
    "item": {
        "ansible_loop_var": "item",
        "changed": false,
        "failed": false,
        "item": "aide-check.timer",
        "name": "aide-check.timer",
        "status": {
            "AccuracyUSec": "1min",
            "ActiveEnterTimestampMonotonic": "0",
            "ActiveExitTimestampMonotonic": "0",
            "ActiveState": "inactive",
            "AllowIsolate": "no",
            "AssertResult": "no",
            "AssertTimestampMonotonic": "0",
            "CanFreeze": "no",
            "CanIsolate": "no",
            "CanLiveMount": "no",
            "CanReload": "no",
            "CanStart": "no",
            "CanStop": "yes",
            "CollectMode": "inactive",
            "ConditionResult": "no",
            "ConditionTimestampMonotonic": "0",
            "DebugInvocation": "no",
            "DefaultDependencies": "yes",
            "DeferReactivation": "no",
            "Description": "aide-check.timer",
            "FailureAction": "none",
            "FixedRandomDelay": "no",
            "FreezerState": "running",
            "Id": "aide-check.timer",
            "IgnoreOnIsolate": "no",
            "InactiveEnterTimestampMonotonic": "0",
            "InactiveExitTimestampMonotonic": "0",
            "JobRunningTimeoutUSec": "infinity",
            "JobTimeoutAction": "none",
            "JobTimeoutUSec": "infinity",
            "LastTriggerUSecMonotonic": "0",
            "LoadError": "org.freedesktop.systemd1.NoSuchUnit \"Unit aide-check.timer not found.\"",
            "LoadState": "not-found",
            "Names": "aide-check.timer",
            "NeedDaemonReload": "no",
            "NextElapseUSecMonotonic": "infinity",
            "OnClockChange": "no",
            "OnFailureJobMode": "replace",
            "OnSuccessJobMode": "fail",
            "OnTimezoneChange": "no",
            "Perpetual": "no",
            "Persistent": "no",
            "RandomizedDelayUSec": "0",
            "RandomizedOffsetUSec": "0",
            "RefuseManualStart": "no",
            "RefuseManualStop": "no",
            "RemainAfterElapse": "yes",
            "Result": "success",
            "StartLimitAction": "none",
            "StartLimitBurst": "5",
            "StartLimitIntervalUSec": "10s",
            "StateChangeTimestampMonotonic": "0",
            "StopWhenUnneeded": "no",
            "SubState": "dead",
            "SuccessAction": "none",
            "SurviveFinalKillSignal": "no",
            "Transient": "no",
            "WakeSystem": "no"
        }
    },
    "msg": "✅ PASS: Host protection daemon [ aide-check.timer ] is verified active and running."
}
ok: [localhost] => (item=auditd) => {
    "ansible_loop_var": "item",
    "changed": false,
    "item": {
        "ansible_loop_var": "item",
        "changed": false,
        "failed": false,
        "item": "auditd",
        "name": "auditd",
        "status": {
            "ActiveEnterTimestampMonotonic": "0",
            "ActiveExitTimestampMonotonic": "0",
            "ActiveState": "inactive",
            "After": "systemd-journald.socket system.slice local-fs.target systemd-tmpfiles-setup.service",
            "AllowIsolate": "no",
            "AssertResult": "no",
            "AssertTimestampMonotonic": "0",
            "Before": "sysinit.target systemd-update-utmp.service shutdown.target audit-rules.service",
            "BindLogSockets": "no",
            "CPUAffinityFromNUMA": "no",
            "CPUPressureThresholdUSec": "200ms",
            "CPUPressureWatch": "auto",
            "CPUQuotaPerSecUSec": "infinity",
            "CPUQuotaPeriodUSec": "infinity",
            "CPUSchedulingPolicy": "0",
            "CPUSchedulingPriority": "0",
            "CPUSchedulingResetOnFork": "no",
            "CPUUsageNSec": "[not set]",
            "CPUWeight": "[not set]",
            "CacheDirectoryAccounting": "no",
            "CacheDirectoryMode": "0755",
            "CacheDirectoryQuota": "[not set]",
            "CanFreeze": "yes",
            "CanIsolate": "no",
            "CanLiveMount": "no",
            "CanReload": "no",
            "CanStart": "yes",
            "CanStop": "no",
            "CapabilityBoundingSet": "cap_chown cap_dac_override cap_dac_read_search cap_fowner cap_fsetid cap_kill cap_setgid cap_setuid cap_setpcap cap_linux_immutable cap_net_bind_service cap_net_broadcast cap_net_admin cap_net_raw cap_ipc_lock cap_ipc_owner cap_sys_module cap_sys_rawio cap_sys_chroot cap_sys_ptrace cap_sys_pacct cap_sys_admin cap_sys_boot cap_sys_nice cap_sys_resource cap_sys_time cap_sys_tty_config cap_mknod cap_lease cap_audit_write cap_audit_control cap_setfcap cap_mac_override cap_mac_admin cap_syslog cap_wake_alarm cap_block_suspend cap_audit_read cap_perfmon cap_bpf cap_checkpoint_restore",
            "CleanResult": "success",
            "CollectMode": "inactive",
            "ConditionResult": "no",
            "ConditionTimestampMonotonic": "0",
            "ConfigurationDirectoryMode": "0755",
            "Conflicts": "shutdown.target",
            "ControlGroupId": "0",
            "ControlPID": "0",
            "CoredumpFilter": "0x33",
            "CoredumpReceive": "no",
            "DebugInvocation": "no",
            "DefaultDependencies": "no",
            "Delegate": "no",
            "DelegateNamespaces": "18446744073709551615",
            "Description": "Security Audit Logging Service",
            "DevicePolicy": "auto",
            "Documentation": "\"man:auditd(8)\" https://github.com/linux-audit/audit-documentation",
            "DynamicUser": "no",
            "EffectiveMemoryHigh": "3994406912",
            "EffectiveMemoryMax": "3994406912",
            "EffectiveTasksMax": "4515",
            "ExecMainCode": "0",
            "ExecMainExitTimestampMonotonic": "0",
            "ExecMainHandoffTimestampMonotonic": "0",
            "ExecMainPID": "0",
            "ExecMainStartTimestampMonotonic": "0",
            "ExecMainStatus": "0",
            "ExecStart": "{ path=/usr/bin/auditd ; argv[]=/usr/bin/auditd ; ignore_errors=no ; start_time=[n/a] ; stop_time=[n/a] ; pid=0 ; code=(null) ; status=0/0 }",
            "ExecStartEx": "{ path=/usr/bin/auditd ; argv[]=/usr/bin/auditd ; flags= ; start_time=[n/a] ; stop_time=[n/a] ; pid=0 ; code=(null) ; status=0/0 }",
            "ExitType": "main",
            "ExtensionImagePolicy": "root=verity+signed+encrypted+encryptedwithintegrity+unprotected+absent:usr=verity+signed+encrypted+encryptedwithintegrity+unprotected+absent:home=encrypted+encryptedwithintegrity+unprotected+absent:srv=encrypted+encryptedwithintegrity+unprotected+absent:tmp=encrypted+encryptedwithintegrity+unprotected+absent:var=encrypted+encryptedwithintegrity+unprotected+absent",
            "FailureAction": "none",
            "FileDescriptorStoreMax": "0",
            "FileDescriptorStorePreserve": "restart",
            "FinalKillSignal": "9",
            "FragmentPath": "/usr/lib/systemd/system/auditd.service",
            "FreezerState": "running",
            "GID": "[not set]",
            "GuessMainPID": "yes",
            "IOAccounting": "no",
            "IOPressureThresholdUSec": "200ms",
            "IOPressureWatch": "auto",
            "IOReadBytes": "[not set]",
            "IOReadOperations": "[not set]",
            "IOSchedulingClass": "2",
            "IOSchedulingPriority": "4",
            "IOWeight": "[not set]",
            "IOWriteBytes": "[not set]",
            "IOWriteOperations": "[not set]",
            "IPAccounting": "no",
            "IPEgressBytes": "[no data]",
            "IPEgressPackets": "[no data]",
            "IPIngressBytes": "[no data]",
            "IPIngressPackets": "[no data]",
            "Id": "auditd.service",
            "IgnoreOnIsolate": "no",
            "IgnoreSIGPIPE": "yes",
            "InactiveEnterTimestampMonotonic": "0",
            "InactiveExitTimestampMonotonic": "0",
            "JobRunningTimeoutUSec": "infinity",
            "JobTimeoutAction": "none",
            "JobTimeoutUSec": "infinity",
            "KeyringMode": "private",
            "KillMode": "mixed",
            "KillSignal": "15",
            "LimitAS": "infinity",
            "LimitASSoft": "infinity",
            "LimitCORE": "infinity",
            "LimitCORESoft": "infinity",
            "LimitCPU": "infinity",
            "LimitCPUSoft": "infinity",
            "LimitDATA": "infinity",
            "LimitDATASoft": "infinity",
            "LimitFSIZE": "infinity",
            "LimitFSIZESoft": "infinity",
            "LimitLOCKS": "infinity",
            "LimitLOCKSSoft": "infinity",
            "LimitMEMLOCK": "8388608",
            "LimitMEMLOCKSoft": "8388608",
            "LimitMSGQUEUE": "819200",
            "LimitMSGQUEUESoft": "819200",
            "LimitNICE": "0",
            "LimitNICESoft": "0",
            "LimitNOFILE": "524288",
            "LimitNOFILESoft": "1024",
            "LimitNPROC": "15051",
            "LimitNPROCSoft": "15051",
            "LimitRSS": "infinity",
            "LimitRSSSoft": "infinity",
            "LimitRTPRIO": "0",
            "LimitRTPRIOSoft": "0",
            "LimitRTTIME": "infinity",
            "LimitRTTIMESoft": "infinity",
            "LimitSIGPENDING": "15051",
            "LimitSIGPENDINGSoft": "15051",
            "LimitSTACK": "infinity",
            "LimitSTACKSoft": "8388608",
            "LiveMountResult": "success",
            "LoadState": "loaded",
            "LockPersonality": "yes",
            "LogLevelMax": "-1",
            "LogRateLimitBurst": "0",
            "LogRateLimitIntervalUSec": "0",
            "LogsDirectoryAccounting": "no",
            "LogsDirectoryMode": "0755",
            "LogsDirectoryQuota": "[not set]",
            "MainPID": "0",
            "ManagedOOMKills": "18446744073709551615",
            "ManagedOOMMemoryPressure": "auto",
            "ManagedOOMMemoryPressureDurationUSec": "[not set]",
            "ManagedOOMMemoryPressureLimit": "0",
            "ManagedOOMPreference": "none",
            "ManagedOOMSwap": "auto",
            "MemoryAccounting": "yes",
            "MemoryAvailable": "1253949440",
            "MemoryCurrent": "[not set]",
            "MemoryDenyWriteExecute": "yes",
            "MemoryHigh": "infinity",
            "MemoryKSM": "no",
            "MemoryLow": "0",
            "MemoryMax": "infinity",
            "MemoryMin": "0",
            "MemoryPeak": "[not set]",
            "MemoryPressureThresholdUSec": "200ms",
            "MemoryPressureWatch": "auto",
            "MemorySwapCurrent": "[not set]",
            "MemorySwapMax": "infinity",
            "MemorySwapPeak": "[not set]",
            "MemoryTHP": "inherit",
            "MemoryZSwapCurrent": "[not set]",
            "MemoryZSwapMax": "infinity",
            "MemoryZSwapWriteback": "yes",
            "MountAPIVFS": "no",
            "MountImagePolicy": "root=verity+signed+encrypted+encryptedwithintegrity+unprotected+absent:usr=verity+signed+encrypted+encryptedwithintegrity+unprotected+absent:home=encrypted+encryptedwithintegrity+unprotected+absent:srv=encrypted+encryptedwithintegrity+unprotected+absent:tmp=encrypted+encryptedwithintegrity+unprotected+absent:var=encrypted+encryptedwithintegrity+unprotected+absent",
            "NFileDescriptorStore": "0",
            "NRestarts": "0",
            "NUMAPolicy": "n/a",
            "Names": "auditd.service",
            "NeedDaemonReload": "no",
            "Nice": "0",
            "NoNewPrivileges": "no",
            "NonBlocking": "no",
            "NotifyAccess": "none",
            "OOMKills": "18446744073709551615",
            "OOMPolicy": "stop",
            "OOMScoreAdjust": "0",
            "OnFailureJobMode": "replace",
            "OnSuccessJobMode": "fail",
            "PIDFile": "/run/audit/auditd.pid",
            "Perpetual": "no",
            "PrivateBPF": "no",
            "PrivateDevices": "no",
            "PrivateIPC": "no",
            "PrivateMounts": "no",
            "PrivateNetwork": "no",
            "PrivatePIDs": "no",
            "PrivateTmp": "no",
            "PrivateTmpEx": "no",
            "PrivateUsers": "no",
            "PrivateUsersEx": "no",
            "ProcSubset": "all",
            "ProtectClock": "no",
            "ProtectControlGroups": "no",
            "ProtectControlGroupsEx": "no",
            "ProtectHome": "no",
            "ProtectHostname": "no",
            "ProtectKernelLogs": "no",
            "ProtectKernelModules": "no",
            "ProtectKernelTunables": "no",
            "ProtectProc": "default",
            "ProtectSystem": "no",
            "RefuseManualStart": "no",
            "RefuseManualStop": "yes",
            "ReloadResult": "success",
            "ReloadSignal": "1",
            "RemainAfterExit": "no",
            "RemoveIPC": "no",
            "Requires": "system.slice",
            "Restart": "on-failure",
            "RestartKillSignal": "15",
            "RestartMaxDelayUSec": "infinity",
            "RestartMode": "normal",
            "RestartPreventExitStatus": "2 4 6",
            "RestartSteps": "0",
            "RestartUSec": "100ms",
            "RestartUSecNext": "100ms",
            "RestrictNamespaces": "no",
            "RestrictRealtime": "yes",
            "RestrictSUIDSGID": "no",
            "Result": "success",
            "RootDirectoryStartOnly": "no",
            "RootEphemeral": "no",
            "RootImagePolicy": "root=verity+signed+encrypted+encryptedwithintegrity+unprotected+absent:usr=verity+signed+encrypted+encryptedwithintegrity+unprotected+absent:home=encrypted+encryptedwithintegrity+unprotected+absent:srv=encrypted+encryptedwithintegrity+unprotected+absent:tmp=encrypted+encryptedwithintegrity+unprotected+absent:var=encrypted+encryptedwithintegrity+unprotected+absent",
            "RuntimeDirectoryMode": "0755",
            "RuntimeDirectoryPreserve": "no",
            "RuntimeMaxUSec": "infinity",
            "RuntimeRandomizedExtraUSec": "0",
            "SameProcessGroup": "no",
            "SecureBits": "0",
            "SendSIGHUP": "no",
            "SendSIGKILL": "yes",
            "SetLoginEnvironment": "no",
            "Slice": "system.slice",
            "StandardError": "inherit",
            "StandardInput": "null",
            "StandardOutput": "journal",
            "StartLimitAction": "none",
            "StartLimitBurst": "5",
            "StartLimitIntervalUSec": "10s",
            "StartupCPUWeight": "[not set]",
            "StartupIOWeight": "[not set]",
            "StartupMemoryHigh": "infinity",
            "StartupMemoryLow": "0",
            "StartupMemoryMax": "infinity",
            "StartupMemorySwapMax": "infinity",
            "StartupMemoryZSwapMax": "infinity",
            "StateChangeTimestampMonotonic": "0",
            "StateDirectoryAccounting": "no",
            "StateDirectoryMode": "0755",
            "StateDirectoryQuota": "[not set]",
            "StatusErrno": "0",
            "StopWhenUnneeded": "no",
            "SubState": "dead",
            "SuccessAction": "none",
            "SurviveFinalKillSignal": "no",
            "SyslogFacility": "3",
            "SyslogLevel": "6",
            "SyslogLevelPrefix": "yes",
            "SyslogPriority": "30",
            "SystemCallErrorNumber": "2147483646",
            "TTYReset": "no",
            "TTYVHangup": "no",
            "TTYVTDisallocate": "no",
            "TasksAccounting": "yes",
            "TasksCurrent": "[not set]",
            "TasksMax": "4515",
            "TimeoutAbortUSec": "1min 30s",
            "TimeoutCleanUSec": "infinity",
            "TimeoutStartFailureMode": "terminate",
            "TimeoutStartUSec": "1min 30s",
            "TimeoutStopFailureMode": "terminate",
            "TimeoutStopUSec": "1min 30s",
            "TimerSlackNSec": "50000",
            "Transient": "no",
            "Type": "forking",
            "UID": "[not set]",
            "UMask": "0022",
            "UnitFilePreset": "disabled",
            "UnitFileState": "disabled",
            "UtmpMode": "init",
            "Wants": "audit-rules.service",
            "WatchdogSignal": "6",
            "WatchdogTimestampMonotonic": "0",
            "WatchdogUSec": "infinity"
        }
    },
    "msg": "✅ PASS: Host protection daemon [ auditd ] is verified active and running."
}
ok: [localhost] => (item=clamav-freshclam) => {
    "ansible_loop_var": "item",
    "changed": false,
    "item": {
        "ansible_loop_var": "item",
        "changed": false,
        "failed": false,
        "item": "clamav-freshclam",
        "name": "clamav-freshclam",
        "status": {
            "ActiveEnterTimestampMonotonic": "0",
            "ActiveExitTimestampMonotonic": "0",
            "ActiveState": "inactive",
            "AllowIsolate": "no",
            "AssertResult": "no",
            "AssertTimestampMonotonic": "0",
            "BindLogSockets": "no",
            "CPUAffinityFromNUMA": "no",
            "CPUPressureThresholdUSec": "200ms",
            "CPUPressureWatch": "auto",
            "CPUQuotaPerSecUSec": "infinity",
            "CPUQuotaPeriodUSec": "infinity",
            "CPUSchedulingPolicy": "0",
            "CPUSchedulingPriority": "0",
            "CPUSchedulingResetOnFork": "no",
            "CPUUsageNSec": "[not set]",
            "CPUWeight": "[not set]",
            "CacheDirectoryAccounting": "no",
            "CacheDirectoryMode": "0755",
            "CacheDirectoryQuota": "[not set]",
            "CanFreeze": "yes",
            "CanIsolate": "no",
            "CanLiveMount": "no",
            "CanReload": "no",
            "CanStart": "no",
            "CanStop": "yes",
            "CapabilityBoundingSet": "cap_chown cap_dac_override cap_dac_read_search cap_fowner cap_fsetid cap_kill cap_setgid cap_setuid cap_setpcap cap_linux_immutable cap_net_bind_service cap_net_broadcast cap_net_admin cap_net_raw cap_ipc_lock cap_ipc_owner cap_sys_module cap_sys_rawio cap_sys_chroot cap_sys_ptrace cap_sys_pacct cap_sys_admin cap_sys_boot cap_sys_nice cap_sys_resource cap_sys_time cap_sys_tty_config cap_mknod cap_lease cap_audit_write cap_audit_control cap_setfcap cap_mac_override cap_mac_admin cap_syslog cap_wake_alarm cap_block_suspend cap_audit_read cap_perfmon cap_bpf cap_checkpoint_restore",
            "CleanResult": "success",
            "CollectMode": "inactive",
            "ConditionResult": "no",
            "ConditionTimestampMonotonic": "0",
            "ConfigurationDirectoryMode": "0755",
            "ControlGroupId": "0",
            "ControlPID": "0",
            "CoredumpFilter": "0x33",
            "CoredumpReceive": "no",
            "DebugInvocation": "no",
            "DefaultDependencies": "yes",
            "Delegate": "no",
            "DelegateNamespaces": "18446744073709551615",
            "Description": "clamav-freshclam.service",
            "DevicePolicy": "auto",
            "DynamicUser": "no",
            "EffectiveMemoryHigh": "infinity",
            "EffectiveMemoryMax": "infinity",
            "EffectiveTasksMax": "4515",
            "ExecMainCode": "0",
            "ExecMainExitTimestampMonotonic": "0",
            "ExecMainHandoffTimestampMonotonic": "0",
            "ExecMainPID": "0",
            "ExecMainStartTimestampMonotonic": "0",
            "ExecMainStatus": "0",
            "ExitType": "main",
            "ExtensionImagePolicy": "root=verity+signed+encrypted+encryptedwithintegrity+unprotected+absent:usr=verity+signed+encrypted+encryptedwithintegrity+unprotected+absent:home=encrypted+encryptedwithintegrity+unprotected+absent:srv=encrypted+encryptedwithintegrity+unprotected+absent:tmp=encrypted+encryptedwithintegrity+unprotected+absent:var=encrypted+encryptedwithintegrity+unprotected+absent",
            "FailureAction": "none",
            "FileDescriptorStoreMax": "0",
            "FileDescriptorStorePreserve": "restart",
            "FinalKillSignal": "9",
            "FreezerState": "running",
            "GID": "[not set]",
            "GuessMainPID": "yes",
            "IOAccounting": "no",
            "IOPressureThresholdUSec": "200ms",
            "IOPressureWatch": "auto",
            "IOReadBytes": "[not set]",
            "IOReadOperations": "[not set]",
            "IOSchedulingClass": "2",
            "IOSchedulingPriority": "4",
            "IOWeight": "[not set]",
            "IOWriteBytes": "[not set]",
            "IOWriteOperations": "[not set]",
            "IPAccounting": "no",
            "IPEgressBytes": "[no data]",
            "IPEgressPackets": "[no data]",
            "IPIngressBytes": "[no data]",
            "IPIngressPackets": "[no data]",
            "Id": "clamav-freshclam.service",
            "IgnoreOnIsolate": "no",
            "IgnoreSIGPIPE": "yes",
            "InactiveEnterTimestampMonotonic": "0",
            "InactiveExitTimestampMonotonic": "0",
            "JobRunningTimeoutUSec": "infinity",
            "JobTimeoutAction": "none",
            "JobTimeoutUSec": "infinity",
            "KeyringMode": "private",
            "KillMode": "control-group",
            "KillSignal": "15",
            "LimitAS": "infinity",
            "LimitASSoft": "infinity",
            "LimitCORE": "infinity",
            "LimitCORESoft": "infinity",
            "LimitCPU": "infinity",
            "LimitCPUSoft": "infinity",
            "LimitDATA": "infinity",
            "LimitDATASoft": "infinity",
            "LimitFSIZE": "infinity",
            "LimitFSIZESoft": "infinity",
            "LimitLOCKS": "infinity",
            "LimitLOCKSSoft": "infinity",
            "LimitMEMLOCK": "499298304",
            "LimitMEMLOCKSoft": "499298304",
            "LimitMSGQUEUE": "819200",
            "LimitMSGQUEUESoft": "819200",
            "LimitNICE": "0",
            "LimitNICESoft": "0",
            "LimitNOFILE": "2147483584",
            "LimitNOFILESoft": "2147483584",
            "LimitNPROC": "15051",
            "LimitNPROCSoft": "15051",
            "LimitRSS": "infinity",
            "LimitRSSSoft": "infinity",
            "LimitRTPRIO": "0",
            "LimitRTPRIOSoft": "0",
            "LimitRTTIME": "infinity",
            "LimitRTTIMESoft": "infinity",
            "LimitSIGPENDING": "15051",
            "LimitSIGPENDINGSoft": "15051",
            "LimitSTACK": "infinity",
            "LimitSTACKSoft": "8388608",
            "LiveMountResult": "success",
            "LoadError": "org.freedesktop.systemd1.NoSuchUnit \"Unit clamav-freshclam.service not found.\"",
            "LoadState": "not-found",
            "LockPersonality": "no",
            "LogLevelMax": "-1",
            "LogRateLimitBurst": "0",
            "LogRateLimitIntervalUSec": "0",
            "LogsDirectoryAccounting": "no",
            "LogsDirectoryMode": "0755",
            "LogsDirectoryQuota": "[not set]",
            "MainPID": "0",
            "ManagedOOMKills": "18446744073709551615",
            "ManagedOOMMemoryPressure": "auto",
            "ManagedOOMMemoryPressureDurationUSec": "[not set]",
            "ManagedOOMMemoryPressureLimit": "0",
            "ManagedOOMPreference": "none",
            "ManagedOOMSwap": "auto",
            "MemoryAccounting": "yes",
            "MemoryAvailable": "[not set]",
            "MemoryCurrent": "[not set]",
            "MemoryDenyWriteExecute": "no",
            "MemoryHigh": "infinity",
            "MemoryKSM": "no",
            "MemoryLow": "0",
            "MemoryMax": "infinity",
            "MemoryMin": "0",
            "MemoryPeak": "[not set]",
            "MemoryPressureThresholdUSec": "200ms",
            "MemoryPressureWatch": "auto",
            "MemorySwapCurrent": "[not set]",
            "MemorySwapMax": "infinity",
            "MemorySwapPeak": "[not set]",
            "MemoryTHP": "inherit",
            "MemoryZSwapCurrent": "[not set]",
            "MemoryZSwapMax": "infinity",
            "MemoryZSwapWriteback": "yes",
            "MountAPIVFS": "no",
            "MountImagePolicy": "root=verity+signed+encrypted+encryptedwithintegrity+unprotected+absent:usr=verity+signed+encrypted+encryptedwithintegrity+unprotected+absent:home=encrypted+encryptedwithintegrity+unprotected+absent:srv=encrypted+encryptedwithintegrity+unprotected+absent:tmp=encrypted+encryptedwithintegrity+unprotected+absent:var=encrypted+encryptedwithintegrity+unprotected+absent",
            "NFileDescriptorStore": "0",
            "NRestarts": "0",
            "NUMAPolicy": "n/a",
            "Names": "clamav-freshclam.service",
            "NeedDaemonReload": "no",
            "Nice": "0",
            "NoNewPrivileges": "no",
            "NonBlocking": "no",
            "NotifyAccess": "none",
            "OOMKills": "18446744073709551615",
            "OOMScoreAdjust": "0",
            "OnFailureJobMode": "replace",
            "OnSuccessJobMode": "fail",
            "Perpetual": "no",
            "PrivateBPF": "no",
            "PrivateDevices": "no",
            "PrivateIPC": "no",
            "PrivateMounts": "no",
            "PrivateNetwork": "no",
            "PrivatePIDs": "no",
            "PrivateTmp": "no",
            "PrivateTmpEx": "no",
            "PrivateUsers": "no",
            "PrivateUsersEx": "no",
            "ProcSubset": "all",
            "ProtectClock": "no",
            "ProtectControlGroups": "no",
            "ProtectControlGroupsEx": "no",
            "ProtectHome": "no",
            "ProtectHostname": "no",
            "ProtectKernelLogs": "no",
            "ProtectKernelModules": "no",
            "ProtectKernelTunables": "no",
            "ProtectProc": "default",
            "ProtectSystem": "no",
            "RefuseManualStart": "no",
            "RefuseManualStop": "no",
            "ReloadResult": "success",
            "ReloadSignal": "1",
            "RemainAfterExit": "no",
            "RemoveIPC": "no",
            "Restart": "no",
            "RestartKillSignal": "15",
            "RestartMaxDelayUSec": "infinity",
            "RestartMode": "normal",
            "RestartSteps": "0",
            "RestartUSec": "100ms",
            "RestartUSecNext": "100ms",
            "RestrictNamespaces": "no",
            "RestrictRealtime": "no",
            "RestrictSUIDSGID": "no",
            "Result": "success",
            "RootDirectoryStartOnly": "no",
            "RootEphemeral": "no",
            "RootImagePolicy": "root=verity+signed+encrypted+encryptedwithintegrity+unprotected+absent:usr=verity+signed+encrypted+encryptedwithintegrity+unprotected+absent:home=encrypted+encryptedwithintegrity+unprotected+absent:srv=encrypted+encryptedwithintegrity+unprotected+absent:tmp=encrypted+encryptedwithintegrity+unprotected+absent:var=encrypted+encryptedwithintegrity+unprotected+absent",
            "RuntimeDirectoryMode": "0755",
            "RuntimeDirectoryPreserve": "no",
            "RuntimeMaxUSec": "infinity",
            "RuntimeRandomizedExtraUSec": "0",
            "SameProcessGroup": "no",
            "SecureBits": "0",
            "SendSIGHUP": "no",
            "SendSIGKILL": "yes",
            "SetLoginEnvironment": "no",
            "StandardError": "inherit",
            "StandardInput": "null",
            "StandardOutput": "inherit",
            "StartLimitAction": "none",
            "StartLimitBurst": "5",
            "StartLimitIntervalUSec": "10s",
            "StartupCPUWeight": "[not set]",
            "StartupIOWeight": "[not set]",
            "StartupMemoryHigh": "infinity",
            "StartupMemoryLow": "0",
            "StartupMemoryMax": "infinity",
            "StartupMemorySwapMax": "infinity",
            "StartupMemoryZSwapMax": "infinity",
            "StateChangeTimestampMonotonic": "0",
            "StateDirectoryAccounting": "no",
            "StateDirectoryMode": "0755",
            "StateDirectoryQuota": "[not set]",
            "StatusErrno": "0",
            "StopWhenUnneeded": "no",
            "SubState": "dead",
            "SuccessAction": "none",
            "SurviveFinalKillSignal": "no",
            "SyslogFacility": "3",
            "SyslogLevel": "6",
            "SyslogLevelPrefix": "yes",
            "SyslogPriority": "30",
            "SystemCallErrorNumber": "2147483646",
            "TTYReset": "no",
            "TTYVHangup": "no",
            "TTYVTDisallocate": "no",
            "TasksAccounting": "yes",
            "TasksCurrent": "[not set]",
            "TasksMax": "4515",
            "TimeoutAbortUSec": "1min 30s",
            "TimeoutCleanUSec": "infinity",
            "TimeoutStartFailureMode": "terminate",
            "TimeoutStartUSec": "1min 30s",
            "TimeoutStopFailureMode": "terminate",
            "TimeoutStopUSec": "1min 30s",
            "TimerSlackNSec": "50000",
            "Transient": "no",
            "UID": "[not set]",
            "UMask": "0022",
            "UtmpMode": "init",
            "WatchdogSignal": "6",
            "WatchdogTimestampMonotonic": "0",
            "WatchdogUSec": "infinity"
        }
    },
    "msg": "✅ PASS: Host protection daemon [ clamav-freshclam ] is verified active and running."
}

TASK [AUDIT FIREWALL | Discover running physical network interfaces from kernel] ***
skipping: [localhost]

TASK [AUDIT FIREWALL | Check active adapter zone properties inside firewalld] ***
skipping: [localhost]

TASK [AUDIT FIREWALL | Check permitted virtual tunnel zone properties inside firewalld] ***
skipping: [localhost]

TASK [AUDIT FIREWALL | Assert dynamic dual killswitch rules match host profile] ***
skipping: [localhost]

TASK [AUDIT FIREWALL | Assert virtual cryptographic tunnel exceptions are wide open] ***
skipping: [localhost]

TASK [AUDIT INTERFACES | Verify persistent manual portal toggle shortcut presence] ***
skipping: [localhost]

TASK [AUDIT INTERFACES | Assert captive portal mitigation functions are compiled] ***
ok: [localhost] => {
    "changed": false,
    "msg": "✅ PASS: Captive portal off/on toggle alias hooks verified successfully."
}

TASK [AUDIT GRUB | Assert GRUB protection password is secure inside custom boot arrays] ***
skipping: [localhost]

TASK [AUDIT GRUB | Enforce active boot locking boundaries matching Fortress profile] ***
skipping: [localhost]

TASK [AUDIT STAGE 3 | Query active kernel configuration metrics from auditctl] ***
skipping: [localhost]

TASK [AUDIT STAGE 3 | Assert un-falsifiable kernel tracking lock is fully armed] ***
skipping: [localhost]

TASK [AUDIT LYNIS | Run ultimate validation scan to compute compliance index] ***
ok: [localhost]

TASK [AUDIT REPORT | Complete zero-trust post-hardening validation card] *******
ok: [localhost] => {
    "msg": "===========================================================================\n                    Stage 2 AUDIT HARDENING VERIFIED                       \n===========================================================================\n🛡️ TARGET PROFILE CONFIGURATIONS PASSED:\n  ↳ HARDWARE ROLE DEPLOY PROFILE:  [LAPTOP]\n  ↳ STORAGE CRYPTO PATH ENTITY..:  [/dev/mapper/root[/@]]\n  ↳ DATA VAULT WORKSPACE MATRIX.:  [BYPASSED / MOUNT SKIP]\n===========================================================================\n📊 FINAL CONFIRMED OPERATIONAL PRODUCTION INDEX GRADE:\n  ↳ HARDENING INDEX RATIO SECURED: [  ]\n  ↳ CERTIFIED FRAMEWORK POSTURE..: [ 🔴 UNPROTECTED BASELINE ]\n===========================================================================\n"
}

PLAY RECAP *********************************************************************
localhost                  : ok=13   changed=0    unreachable=0    failed=0    skipped=19   rescued=0    ignored=0   

