[username@system-name]$ ansible-playbook -i hosts.ini Stage#2-Post-Hardening.yml  --check -K
BECOME password: 

PLAY [Universal Stand-Alone Zero-Trust Linux Hardening Framework (Stage 2 Core)] **************************************************************************************

TASK [Gathering Facts] ************************************************************************************************************************************************
ok: [localhost]

TASK [PRE-FLIGHT | PROBE | Interrogate system for active Stage 1 Foundation Certificate] ******************************************************************************
ok: [localhost]

TASK [PRE-FLIGHT | BOOT | Interrogate active system for existing bootloader password configurations] ******************************************************************
ok: [localhost]

TASK [PRE-FLIGHT | BOOT | Interrogate active system for structural cryptodisk activation flags] ***********************************************************************
ok: [localhost]

TASK [PRE-FLIGHT | INTEL | Evaluate unified branching logic for interactive pass-gate bypass] *************************************************************************
ok: [localhost]

TASK [PRE-FLIGHT | SECURITY GATE | Securely capture and compile raw master passphrase at launch line] *****************************************************************
skipping: [localhost]

TASK [SCAN | Probe motherboard boot firmware directory existence] *****************************************************************************************************
ok: [localhost]

TASK [SCAN | Detect active root filesystem source device handle] ******************************************************************************************************
ok: [localhost]

TASK [SCAN | Detect active boot partition source device handle] *******************************************************************************************************
ok: [localhost]

TASK [SCAN | Detect active root filesystem type format signature] *****************************************************************************************************
ok: [localhost]

TASK [SCAN | Discover absolute persistent root device UUID] ***********************************************************************************************************
ok: [localhost]

TASK [SCAN | Discover running network interfaces directly from kernel space] ******************************************************************************************
ok: [localhost]

TASK [SCAN | Read active initramfs hook parameters cleanly] ***********************************************************************************************************
ok: [localhost]

TASK [SCAN | Detect drive media rotation profiles directly from hardware controller] **********************************************************************************
ok: [localhost]

TASK [SCAN | Synthesize virtualization and media profiles] ************************************************************************************************************
ok: [localhost]

TASK [SCAN | Discover primary human installation user identity (UID 1000)] ********************************************************************************************
ok: [localhost]

TASK [SCAN | Probe system power rail for lithium-ion battery nodes] ***************************************************************************************************
ok: [localhost]

TASK [SCAN | Read raw DMI motherboard hardware chassis type integer] **************************************************************************************************
ok: [localhost]

TASK [SCAN | Synthesize translated hardware form-factor profile facts] ************************************************************************************************
ok: [localhost]

TASK [SCAN | Synthesize primary system hardware and layout facts] *****************************************************************************************************
ok: [localhost]

TASK [SCAN | Evaluate dependent topo structural safety definitions] ***************************************************************************************************
ok: [localhost]

TASK [SMART EVALUATOR | Determine if layout matches defined standards or triggers bypass fallback] ********************************************************************
ok: [localhost]

TASK [COMPLIANCE | Execute initial pre-hardening baseline audit scan] *************************************************************************************************
skipping: [localhost]

TASK [COMPLIANCE | Parse real-time live pre-hardening index values] ***************************************************************************************************
skipping: [localhost]

TASK [COMPLIANCE | NOTIFY | Render dynamic index baseline confirmation] ***********************************************************************************************
skipping: [localhost]

TASK [BTRFS | TOPO | Initialize missing mount point directory paths on host tree] *************************************************************************************
ok: [localhost] => (item={'mountpoint': '/swap'})
ok: [localhost] => (item={'mountpoint': '/var/log'})
ok: [localhost] => (item={'mountpoint': '/var/cache/pacman/pkg'})
ok: [localhost] => (item={'mountpoint': '/var/lib/docker'})
ok: [localhost] => (item={'mountpoint': '/var/lib/flatpak'})
ok: [localhost] => (item={'mountpoint': '/srv'})
ok: [localhost] => (item={'mountpoint': '/.snapshots'})
ok: [localhost] => (item={'mountpoint': '/var/lib/containers'})

TASK [BTRFS | LEDGER | Commit standardized subvolumes to physical fstab parameters] ***********************************************************************************
skipping: [localhost] => (item={'mountpoint': '/swap', 'expected_subvol': '@swap'}) 
skipping: [localhost] => (item={'mountpoint': '/var/log', 'expected_subvol': '@log'}) 
skipping: [localhost] => (item={'mountpoint': '/var/cache/pacman/pkg', 'expected_subvol': '@cache'}) 
skipping: [localhost] => (item={'mountpoint': '/var/lib/docker', 'expected_subvol': '@docker'}) 
skipping: [localhost] => (item={'mountpoint': '/var/lib/flatpak', 'expected_subvol': '@flatpak'}) 
skipping: [localhost] => (item={'mountpoint': '/srv', 'expected_subvol': '@srv'}) 
skipping: [localhost] => (item={'mountpoint': '/.snapshots', 'expected_subvol': '@snapshots'}) 
skipping: [localhost] => (item={'mountpoint': '/var/lib/containers', 'expected_subvol': '@container'}) 
skipping: [localhost]

TASK [SWAP CONFIG | SANITIZATION | Purge legacy unmanaged swaps cleanly] **********************************************************************************************
ok: [localhost]

TASK [SWAP CONFIG | ALLOCATION | Atomic execution of uncompressed Btrfs NoCoW contiguous allocation block] ************************************************************
skipping: [localhost]

TASK [SWAP CONFIG | ALLOCATION | Traditional allocation block if target platform is non-btrfs filesystem] *************************************************************
skipping: [localhost]

TASK [SWAP CONFIG | NOTIFY | Render automated swap infrastructure hardening status] ***********************************************************************************
ok: [localhost] => {
    "msg": "⚙  CREATING SWAP FILE SIZE: Precise allocated size locked into fstab ledger is [ 8 GB ]"
}

TASK [ZRAM PROVISION | Deploy chosen compression algorithm setup matching scanned hardware profile] *******************************************************************
skipping: [localhost]

TASK [OOM SERVICES | Handle live alignment transitions for active memory daemons] *************************************************************************************
skipping: [localhost]

TASK [SYSCTL | SANITIZATION | Purge legacy conflicting standalone swappiness map parameters] **************************************************************************
ok: [localhost] => (item=/etc/sysctl.d/99-swappiness.conf)
ok: [localhost] => (item=/etc/sysctl.d/50-memory-tuning.conf)

TASK [HARDENING | MEMORY MAPS | Resolve active structural HDD dictionary key facts] ***********************************************************************************
ok: [localhost]

TASK [HARDENING | MEMORY MAPS | Resolve active structural SSD dictionary key facts] ***********************************************************************************
skipping: [localhost]

TASK [HARDENING | MEMORY MAPS | Compile optimized dynamic sysctl hardware profile] ************************************************************************************
ok: [localhost]

TASK [VAULT ENGINE | Interrogate raw physical block storage boundary footprint sizes] *********************************************************************************
skipping: [localhost]

TASK [VAULT ENGINE | Synthesize dynamic proportional mathematical storage profiles] ***********************************************************************************
ok: [localhost]

TASK [VAULT ENGINE | Construct automated multi-layer quota-enforcing wrapper utilities] *******************************************************************************
changed: [localhost]

TASK [TELEMETRY | INTEL | Evaluate host drive architecture for intrusion suite allocation] ****************************************************************************
ok: [localhost] => {
    "msg": [
        "======================================================================",
        "🔍 HARDWARE TELEMETRY INTERROGATION GATEWAY ACTIVE",
        "======================================================================",
        "↳ ACTIVE DRIVE PROFILE DETECTED: [ MECHANICAL PLATTER DRIVE (HDD) ]",
        "↳ POLICY ENFORCEMENT DECISION  : [ SKIP ] Bypassing heavy I/O database loops to prevent disk thrashing.",
        "======================================================================"
    ]
}

TASK [COMPLIANCE | AIDE | Establish system logging baseline directory universally] ************************************************************************************
ok: [localhost]

TASK [COMPLIANCE | AIDE | Initialize pristine file integrity tracking log universally] ********************************************************************************
ok: [localhost]

TASK [COMPLIANCE | AIDE | Correct missing config directory wrappers for RedHat and Suse] ******************************************************************************
skipping: [localhost]

TASK [INTRUSION DETECTION | HDD | Generate classified security audit blueprint for high-value targets] ****************************************************************
skipping: [localhost]

TASK [INTRUSION DETECTION | GUIDE | Display secure storage environment redirection warning] ***************************************************************************
ok: [localhost] => {
    "msg": [
        "======================================================================",
        "🔒 SYSTEM SECURITY METRIC INITIALIZED: ASSIGNED TO REASSURING PROFILE",
        "======================================================================",
        "↳ HOST DEVICE MEDIA STATUS: [ PHYSICAL PLATTED DRIVE MOTOR DETECTED ]",
        "↳ ARCHITECTURE DECISION   : Background background compiling tasks deferred.",
        "↳ USER COMPLIANCE DIRECTIVE: A localized classified setup directive has",
        "                           been securely written into your root space.",
        "                           Refer to: /root/ZERO-TRUST-SYSTEM-INTEGRITY-AUDIT-PROTOCOL.txt",
        "======================================================================"
    ]
}

TASK [INTRUSION DETECTION | AIDE | Initialize baseline database configuration mapping] ********************************************************************************
skipping: [localhost]

TASK [HARDENING | Enforce robust distribution-agnostic protection metrics via sysctl] *********************************************************************************
ok: [localhost]

TASK [COMPLIANCE | FAIL2BAN | Scan system state and enforce package installation] *************************************************************************************
ok: [localhost]

TASK [COMPLIANCE | FAIL2BAN | Inject aggressive intrusion jail configurations] ****************************************************************************************
ok: [localhost]

TASK [COMPLIANCE | FAIL2BAN | Force automatic boot activation and service startup lock] *******************************************************************************
skipping: [localhost]

TASK [COMPLIANCE | USBGUARD | Probe existence and size metrics of local hardware policy] ******************************************************************************
ok: [localhost]

TASK [COMPLIANCE | USBGUARD | Hardware Peripheral Ingestion Safety Gate] **********************************************************************************************
skipping: [localhost]

TASK [COMPLIANCE | USBGUARD | Generate pristine hardware-aware baseline rules profile safely] *************************************************************************
skipping: [localhost]

TASK [COMPLIANCE | USBGUARD | Authorize Administrative IPC Socket Access to Prevent User Lockout] *********************************************************************
skipping: [localhost]

TASK [COMPLIANCE | USBGUARD | Re-evaluate local policy metrics before service initialization] *************************************************************************
skipping: [localhost]

TASK [COMPLIANCE | USBGUARD | Lock device containment daemon into automatic boot structures] **************************************************************************
skipping: [localhost]

TASK [COMPLIANCE | ARPWATCH | Target hardware initialization interfaces cleanly] **************************************************************************************
skipping: [localhost]

TASK [COMPLIANCE | ARPWATCH | Handle enterprise sysconfig bindings] ***************************************************************************************************
skipping: [localhost]

TASK [COMPLIANCE | ARPWATCH | Force backend tracking daemon initialization] *******************************************************************************************
skipping: [localhost]

TASK [COMPLIANCE | ARPWATCH | Trigger systemd environment refresh for instance descriptors] ***************************************************************************
skipping: [localhost]

TASK [COMPLIANCE | ARPWATCH | Establish configuration drop-in containment directory universally] **********************************************************************
ok: [localhost]

TASK [COMPLIANCE | ARPWATCH | Inject sandbox restrictions via universal systemd override matrix] **********************************************************************
skipping: [localhost]

TASK [COMPLIANCE | ARPWATCH | Interrogate local system database for dedicated service account] ************************************************************************
ok: [localhost]

TASK [COMPLIANCE | ARPWATCH | Initialize physical tracking directory paths securely] **********************************************************************************
changed: [localhost]

TASK [COMPLIANCE | ARPWATCH | Touch pristine hardware baseline data ledger] *******************************************************************************************
skipping: [localhost]

TASK [COMPLIANCE | ARPWATCH | Enforce operational runtime loop verification] ******************************************************************************************
skipping: [localhost]

TASK [BOOT AUDIT | Scan if GRUB bootloader password protection is already active] *************************************************************************************
skipping: [localhost]

TASK [BOOT HARDENING | AUTOMATION ENGINE | Non-interactively compile cryptographic PBKDF2 hash payload] ***************************************************************
skipping: [localhost]

TASK [BOOT HARDENING | INJECTION | Commit secure master credentials into user customized parameters] ******************************************************************
skipping: [localhost]

TASK [BOOT HARDENING | Inject advanced kernel containment parameters into active boot configurations] *****************************************************************
ok: [localhost]

TASK [BOOT Hardening | Enable GRUB Cryptodisk if /boot is within the encrypted volume bounds] *************************************************************************
skipping: [localhost]

TASK [RAMDISK REBUILD | Invoke mkinitcpio compilation] ****************************************************************************************************************
skipping: [localhost]

TASK [RAMDISK REBUILD | Invoke update-initramfs orchestration] ********************************************************************************************************
skipping: [localhost]

TASK [RAMDISK REBUILD | Invoke Dracut hardware synchronization loops] *************************************************************************************************
skipping: [localhost]

TASK [BOOTLOADER HARDENING | Prevent grub-btrfs from stalling on Legacy hardware] *************************************************************************************
changed: [localhost]

TASK [BOOTLOADER COMPILE | Universal Multi-Distro GRUB Flash Loop] ****************************************************************************************************
skipping: [localhost]

TASK [USERLAND | SECOPS | Establish dynamic framework operations access group] ****************************************************************************************
ok: [localhost]

TASK [USERLAND | SECOPS | Assign primary discovered user context to framework permissions] ****************************************************************************
skipping: [localhost]

TASK [SECURITY | SUDOERS | Deploy granular role-based policy matrices safely] *****************************************************************************************
ok: [localhost]

TASK [FIREWALLD | ENFORCE INTERFACE CONTAINMENT | Set baseline architecture zones cleanly] ****************************************************************************
skipping: [localhost]

TASK [FIREWALL LABELS | Deploy global interface switching script tools] ***********************************************************************************************
changed: [localhost]

TASK [VAULT LABELS | Deploy localized vault control shortcut profiles] ************************************************************************************************
changed: [localhost]

TASK [USERLAND | HOOK | Append persistent terminal initialization checks to system bash template] *********************************************************************
ok: [localhost]

TASK [HARDENING | USERLAND | Secure global portal interface alias permissions] ****************************************************************************************
changed: [localhost]

TASK [HARDENING | USERLAND | Secure localized cryptographic vault alias permissions] **********************************************************************************
changed: [localhost]

TASK [HARDENING | Secure virtual execution interfaces securely inside fstab storage arrays] ***************************************************************************
ok: [localhost]

TASK [USERLAND | HOOK | Deploy automated post-reboot zero-trust alert reminder] ***************************************************************************************
skipping: [localhost]

TASK [PHASE 10 | SNAPPER CONFIG | Align boot configuration lookup metrics] ********************************************************************************************
ok: [localhost]

TASK [PHASE 10 | SNAPPER CRYPTO | Enforce container probe authentication permissions] *********************************************************************************
ok: [localhost]

TASK [PHASE 10 | SNAPPER HARDENING | Bypass hardware probe block gates for encryption containers] *********************************************************************
ok: [localhost]

TASK [PHASE 10 | SNAPPER ENFORCEMENT | Secure background snapshot monitoring daemon] **********************************************************************************
skipping: [localhost]

TASK [SECURITY | ENGINE | Deploy real-time background VPN leak monitoring daemon] *************************************************************************************
ok: [localhost]

TASK [SECURITY | DAEMON | Initialize background network perimeter service wrapper] ************************************************************************************
ok: [localhost]

TASK [SECURITY | ENFORCEMENT | Launch background leak monitor utility service] ****************************************************************************************
skipping: [localhost]

TASK [STORAGE | MAINTENANCE | Deploy daily automated snapshot pruning profile utility] ********************************************************************************
ok: [localhost]

TASK [STORAGE | Force override FDE detection for Btrfs on LUKS2] ******************************************************************************************************
ok: [localhost]

TASK [COMPLIANCE | LYNIS | Enforce custom security profiling configuration metrics universally] ***********************************************************************
changed: [localhost]

TASK [COMPLIANCE | Run post-deployment security hardening verification scan] ******************************************************************************************
skipping: [localhost]

TASK [COMPLIANCE | Calculate real-time framework execution metrics] ***************************************************************************************************
ok: [localhost]

TASK [COMPLIANCE | Compute final structural point values] *************************************************************************************************************
ok: [localhost]

TASK [FRAMEWORK REPORT | Complete zero-trust post-hardening play summary] *********************************************************************************************
ok: [localhost] => {
    "msg": [
        "======================================================================",
        "🏆 SUCCESS: STAGE 2 HARDENING ACTIVE HARDENING ENGINE COMPLETE!",
        "======================================================================",
        "🛡 SMART TOPO ASSESSMENTS SELECTION RECORDS:",
        "  ↳ STORAGE METRIC PROFILE     : [ STANDALONE OPERATION DEPLOYMENT MODE ]",
        "  ↳ FIRMWARE PLATFORM DETECTED : [BIOS LEGACY MBR SYSTEM]",
        "  ↳ TARGET HARDWARE CHASSIS    : [ LAPTOP / PORTABLE WORKSTATION ]",
        "  ↳ KERNEL HARDENED STORAGE    : [Isolated Contiguous 8GB Swap allocation verified]",
        "======================================================================",
        "⚙ HARDWARE-AWARE INTEL RECONNAISSANCE SUMMARY:",
        "  ↳ CONTEXTUAL RAM TIER SECTOR : 4 GB DETECTED",
        "  ↳ DYNAMIC SWAPPINESS MARKER  : vm.swappiness = 150 INJECTED",
        "  ↳ ASSIGNED COMPRESSION CORE  : ZRAM MODULE ALIGNED TO [ LZ4 ]",
        "  ↳ DEPLOYED OOM PROTECTOR     : ACTIVE PERIMETER MANAGED VIA [ EARLYOOM ]",
        "======================================================================",
        "💎 SYSTEM PROVENANCE SECURITY ATTESTATION:",
        "  ↳ CHIEF FRAMEWORK ARCHITECT  : Medardo Vega",
        "  ↳ PROFESSIONAL TITLE         : Self-Taught Linux Systems & SecOps Infrastructure Engineer",
        "  ↳ AUTHORITATIVE SOURCE PATH  : https://github.com/DlaVega504",
        "======================================================================",
        "🚨 🚨 CRITICAL DEPLOYMENT WARNING INTERFACES: POST-STAGE 2 COMPLIANCE 🚨 🚨",
        "======================================================================",
        "⚡ ATTENTION: NEW PASSWORD CRYPTOGRAPHIC HASHING MATRIX ACTIVE!",
        "",
        "To finalize your Gold Shield system posture and cleanly enforce your newly ",
        "deployed 65,536-round hashing rules inside login.defs and pam.d/system-auth,",
        "you MUST immediately update credentials across both primary profiles.",
        "",
        "Failure to complete this step will leave current accounts running on legacy ",
        "hashes, which will cause authentication failures or lockouts upon next system init.",
        "",
        "➡  1. Enforce Regular Account Hash Shift : Execute 'passwd'",
        "➡  2. Enforce Administrative Root Hash Shift: Execute 'sudo passwd root'",
        "======================================================================",
        "📊 LYNIS VERIFICATION SECURITY COMPLIANCE GAP RECORD:",
        "  ↳ BEFORE DEPLOYMENT BASELINE : 65 points",
        "  ↳ AFTER ACTIVE POST-HARDENING: 82 points",
        "  ↳ STAGE 2 DELTA IMPROVEMENT  : +17 points achieved!",
        "  ↳ COMPLIANCE ALIGNMENT NOTE  : Security profiles could drastically improve with an optimized Stage 1 base layer.",
        "  ↳ OVERALL SYSTEM DESIGN Designation: 🥇🛡 [ GOLD LEVEL SHIELD ] 🛡🥇 ",
        "======================================================================",
        ""
    ]
}

PLAY RECAP ************************************************************************************************************************************************************
localhost                  : ok=61   changed=8    unreachable=0    failed=0    skipped=41   rescued=0    ignored=0   


